Archive member included because of file (symbol)

c:/winavr-20100110/bin/../lib/gcc/avr/4.3.3/avr5\libgcc.a(_udivmodhi4.o)
                              ./Source/queue.o (__udivmodhi4)
c:/winavr-20100110/bin/../lib/gcc/avr/4.3.3/avr5\libgcc.a(_divmodhi4.o)
                              ./main.o (__divmodhi4)
c:/winavr-20100110/bin/../lib/gcc/avr/4.3.3/avr5\libgcc.a(_exit.o)
                              c:/winavr-20100110/bin/../lib/gcc/avr/4.3.3/../../../../avr/lib/avr5/crtm32.o (exit)
c:/winavr-20100110/bin/../lib/gcc/avr/4.3.3/avr5\libgcc.a(_copy_data.o)
                              ./Source/tasks.o (__do_copy_data)
c:/winavr-20100110/bin/../lib/gcc/avr/4.3.3/avr5\libgcc.a(_clear_bss.o)
                              ./Source/portable/MemMang/heap_1.o (__do_clear_bss)
c:/winavr-20100110/bin/../lib/gcc/avr/4.3.3/../../../../avr/lib/avr5\libc.a(memcpy.o)
                              ./Source/queue.o (memcpy)
c:/winavr-20100110/bin/../lib/gcc/avr/4.3.3/../../../../avr/lib/avr5\libc.a(memset.o)
                              ./Source/tasks.o (memset)

Allocating common symbols
Common symbol       size              file

R_button            0x1               ./main.o
task2ptr            0x2               ./main.o
L_button            0x1               ./main.o
task1ptr            0x2               ./main.o
Hazzred_button      0x1               ./main.o
left_button_pressed_counter
                    0x2               ./main.o
right_button_pressed_counter
                    0x2               ./main.o

Memory Configuration

Name             Origin             Length             Attributes
text             0x00000000         0x00020000         xr
data             0x00800060         0x0000ffa0         rw !x
eeprom           0x00810000         0x00010000         rw !x
fuse             0x00820000         0x00000400         rw !x
lock             0x00830000         0x00000400         rw !x
signature        0x00840000         0x00000400         rw !x
*default*        0x00000000         0xffffffff

Linker script and memory map

LOAD c:/winavr-20100110/bin/../lib/gcc/avr/4.3.3/../../../../avr/lib/avr5/crtm32.o
LOAD ./Source/portable/MemMang/heap_1.o
LOAD ./Source/portable/GCC/ATMega323/port.o
LOAD ./Source/include/Btn_Handler.o
LOAD ./Source/include/DIO.o
LOAD ./Source/include/LED.o
LOAD ./Source/include/PWM.o
LOAD ./Source/croutine.o
LOAD ./Source/event_groups.o
LOAD ./Source/list.o
LOAD ./Source/queue.o
LOAD ./Source/tasks.o
LOAD ./Source/timers.o
LOAD ./main.o
LOAD c:/winavr-20100110/bin/../lib/gcc/avr/4.3.3/avr5\libgcc.a
LOAD c:/winavr-20100110/bin/../lib/gcc/avr/4.3.3/../../../../avr/lib/avr5\libc.a
LOAD c:/winavr-20100110/bin/../lib/gcc/avr/4.3.3/avr5\libgcc.a

.hash
 *(.hash)

.dynsym
 *(.dynsym)

.dynstr
 *(.dynstr)

.gnu.version
 *(.gnu.version)

.gnu.version_d
 *(.gnu.version_d)

.gnu.version_r
 *(.gnu.version_r)

.rel.init
 *(.rel.init)

.rela.init
 *(.rela.init)

.rel.text
 *(.rel.text)
 *(.rel.text.*)
 *(.rel.gnu.linkonce.t*)

.rela.text
 *(.rela.text)
 *(.rela.text.*)
 *(.rela.gnu.linkonce.t*)

.rel.fini
 *(.rel.fini)

.rela.fini
 *(.rela.fini)

.rel.rodata
 *(.rel.rodata)
 *(.rel.rodata.*)
 *(.rel.gnu.linkonce.r*)

.rela.rodata
 *(.rela.rodata)
 *(.rela.rodata.*)
 *(.rela.gnu.linkonce.r*)

.rel.data
 *(.rel.data)
 *(.rel.data.*)
 *(.rel.gnu.linkonce.d*)

.rela.data
 *(.rela.data)
 *(.rela.data.*)
 *(.rela.gnu.linkonce.d*)

.rel.ctors
 *(.rel.ctors)

.rela.ctors
 *(.rela.ctors)

.rel.dtors
 *(.rel.dtors)

.rela.dtors
 *(.rela.dtors)

.rel.got
 *(.rel.got)

.rela.got
 *(.rela.got)

.rel.bss
 *(.rel.bss)

.rela.bss
 *(.rela.bss)

.rel.plt
 *(.rel.plt)

.rela.plt
 *(.rela.plt)

.text           0x00000000     0x65c4
 *(.vectors)
 .vectors       0x00000000       0x54 c:/winavr-20100110/bin/../lib/gcc/avr/4.3.3/../../../../avr/lib/avr5/crtm32.o
                0x00000000                __vectors
                0x00000000                __vector_default
 *(.vectors)
 *(.progmem.gcc*)
 *(.progmem*)
                0x00000054                . = ALIGN (0x2)
                0x00000054                __trampolines_start = .
 *(.trampolines)
 .trampolines   0x00000054        0x0 linker stubs
 *(.trampolines*)
                0x00000054                __trampolines_end = .
 *(.jumptables)
 *(.jumptables*)
 *(.lowtext)
 *(.lowtext*)
                0x00000054                __ctors_start = .
 *(.ctors)
                0x00000054                __ctors_end = .
                0x00000054                __dtors_start = .
 *(.dtors)
                0x00000054                __dtors_end = .
 SORT(*)(.ctors)
 SORT(*)(.dtors)
 *(.init0)
 .init0         0x00000054        0x0 c:/winavr-20100110/bin/../lib/gcc/avr/4.3.3/../../../../avr/lib/avr5/crtm32.o
                0x00000054                __init
 *(.init0)
 *(.init1)
 *(.init1)
 *(.init2)
 .init2         0x00000054        0xc c:/winavr-20100110/bin/../lib/gcc/avr/4.3.3/../../../../avr/lib/avr5/crtm32.o
 *(.init2)
 *(.init3)
 *(.init3)
 *(.init4)
 .init4         0x00000060       0x16 c:/winavr-20100110/bin/../lib/gcc/avr/4.3.3/avr5\libgcc.a(_copy_data.o)
                0x00000060                __do_copy_data
 .init4         0x00000076       0x10 c:/winavr-20100110/bin/../lib/gcc/avr/4.3.3/avr5\libgcc.a(_clear_bss.o)
                0x00000076                __do_clear_bss
 *(.init4)
 *(.init5)
 *(.init5)
 *(.init6)
 *(.init6)
 *(.init7)
 *(.init7)
 *(.init8)
 *(.init8)
 *(.init9)
 .init9         0x00000086        0x8 c:/winavr-20100110/bin/../lib/gcc/avr/4.3.3/../../../../avr/lib/avr5/crtm32.o
 *(.init9)
 *(.text)
 .text          0x0000008e        0x4 c:/winavr-20100110/bin/../lib/gcc/avr/4.3.3/../../../../avr/lib/avr5/crtm32.o
                0x0000008e                __vector_1
                0x0000008e                __vector_12
                0x0000008e                __bad_interrupt
                0x0000008e                __vector_6
                0x0000008e                __vector_3
                0x0000008e                __vector_11
                0x0000008e                __vector_13
                0x0000008e                __vector_17
                0x0000008e                __vector_19
                0x0000008e                __vector_5
                0x0000008e                __vector_4
                0x0000008e                __vector_9
                0x0000008e                __vector_2
                0x0000008e                __vector_15
                0x0000008e                __vector_8
                0x0000008e                __vector_14
                0x0000008e                __vector_10
                0x0000008e                __vector_16
                0x0000008e                __vector_18
                0x0000008e                __vector_20
 .text          0x00000092        0x0 ./Source/portable/MemMang/heap_1.o
 .text          0x00000092        0x0 ./Source/portable/GCC/ATMega323/port.o
 .text          0x00000092        0x0 ./Source/include/Btn_Handler.o
 .text          0x00000092        0x0 ./Source/include/DIO.o
 .text          0x00000092        0x0 ./Source/include/LED.o
 .text          0x00000092        0x0 ./Source/include/PWM.o
 .text          0x00000092        0x0 ./Source/croutine.o
 .text          0x00000092        0x0 ./Source/event_groups.o
 .text          0x00000092        0x0 ./Source/list.o
 .text          0x00000092        0x0 ./Source/queue.o
 .text          0x00000092        0x0 ./Source/tasks.o
 .text          0x00000092        0x0 ./Source/timers.o
 .text          0x00000092        0x0 ./main.o
 .text          0x00000092        0x0 c:/winavr-20100110/bin/../lib/gcc/avr/4.3.3/avr5\libgcc.a(_udivmodhi4.o)
 .text          0x00000092        0x0 c:/winavr-20100110/bin/../lib/gcc/avr/4.3.3/avr5\libgcc.a(_divmodhi4.o)
 .text          0x00000092        0x0 c:/winavr-20100110/bin/../lib/gcc/avr/4.3.3/avr5\libgcc.a(_exit.o)
 .text          0x00000092        0x0 c:/winavr-20100110/bin/../lib/gcc/avr/4.3.3/avr5\libgcc.a(_copy_data.o)
 .text          0x00000092        0x0 c:/winavr-20100110/bin/../lib/gcc/avr/4.3.3/avr5\libgcc.a(_clear_bss.o)
 .text          0x00000092        0x0 c:/winavr-20100110/bin/../lib/gcc/avr/4.3.3/../../../../avr/lib/avr5\libc.a(memcpy.o)
 .text          0x00000092        0x0 c:/winavr-20100110/bin/../lib/gcc/avr/4.3.3/../../../../avr/lib/avr5\libc.a(memset.o)
                0x00000092                . = ALIGN (0x2)
 *(.text.*)
 .text.pvPortMalloc
                0x00000092       0xb4 ./Source/portable/MemMang/heap_1.o
                0x00000092                pvPortMalloc
 .text.vPortFree
                0x00000146       0x18 ./Source/portable/MemMang/heap_1.o
                0x00000146                vPortFree
 .text.vPortInitialiseBlocks
                0x0000015e       0x16 ./Source/portable/MemMang/heap_1.o
                0x0000015e                vPortInitialiseBlocks
 .text.xPortGetFreeHeapSize
                0x00000174       0x1e ./Source/portable/MemMang/heap_1.o
                0x00000174                xPortGetFreeHeapSize
 .text.pxPortInitialiseStack
                0x00000192      0x306 ./Source/portable/GCC/ATMega323/port.o
                0x00000192                pxPortInitialiseStack
 .text.xPortStartScheduler
                0x00000498       0x6a ./Source/portable/GCC/ATMega323/port.o
                0x00000498                xPortStartScheduler
 .text.vPortEndScheduler
                0x00000502        0xe ./Source/portable/GCC/ATMega323/port.o
                0x00000502                vPortEndScheduler
 .text.vPortYield
                0x00000510       0xb2 ./Source/portable/GCC/ATMega323/port.o
                0x00000510                vPortYield
 .text.vPortYieldFromTick
                0x000005c2       0xba ./Source/portable/GCC/ATMega323/port.o
                0x000005c2                vPortYieldFromTick
 .text.prvSetupTimerInterrupt
                0x0000067c       0xb8 ./Source/portable/GCC/ATMega323/port.o
 .text.__vector_7
                0x00000734        0x6 ./Source/portable/GCC/ATMega323/port.o
                0x00000734                __vector_7
 .text.READ_IGNITON
                0x0000073a       0x28 ./Source/include/Btn_Handler.o
                0x0000073a                READ_IGNITON
 .text.READ_HAZARD_Button
                0x00000762       0x28 ./Source/include/Btn_Handler.o
                0x00000762                READ_HAZARD_Button
 .text.READ_RIGHT_Button
                0x0000078a       0x28 ./Source/include/Btn_Handler.o
                0x0000078a                READ_RIGHT_Button
 .text.READ_LEFT_Button
                0x000007b2       0x28 ./Source/include/Btn_Handler.o
                0x000007b2                READ_LEFT_Button
 .text.DIO_SetPinDir
                0x000007da      0x1da ./Source/include/DIO.o
                0x000007da                DIO_SetPinDir
 .text.DIO_SetPinVal
                0x000009b4      0x1da ./Source/include/DIO.o
                0x000009b4                DIO_SetPinVal
 .text.DIO_GetPinVal
                0x00000b8e      0x104 ./Source/include/DIO.o
                0x00000b8e                DIO_GetPinVal
 .text.DIO_TogPinVal
                0x00000c92       0xfa ./Source/include/DIO.o
                0x00000c92                DIO_TogPinVal
 .text.Blink_Right
                0x00000d8c       0x24 ./Source/include/LED.o
                0x00000d8c                Blink_Right
 .text.Blink_LEFT
                0x00000db0       0x24 ./Source/include/LED.o
                0x00000db0                Blink_LEFT
 .text.Stop_Blinking_Right
                0x00000dd4       0x12 ./Source/include/LED.o
                0x00000dd4                Stop_Blinking_Right
 .text.Stop_Blinking_Left
                0x00000de6       0x12 ./Source/include/LED.o
                0x00000de6                Stop_Blinking_Left
 .text.PWM_INIT
                0x00000df8       0x22 ./Source/include/PWM.o
                0x00000df8                PWM_INIT
 .text.Start_PWM1
                0x00000e1a       0x4e ./Source/include/PWM.o
                0x00000e1a                Start_PWM1
 .text.Start_PWM2
                0x00000e68       0x4e ./Source/include/PWM.o
                0x00000e68                Start_PWM2
 .text.Stop_PWM1
                0x00000eb6       0x2a ./Source/include/PWM.o
                0x00000eb6                Stop_PWM1
 .text.Stop_PWM2
                0x00000ee0       0x2a ./Source/include/PWM.o
                0x00000ee0                Stop_PWM2
 .text.xCoRoutineCreate
                0x00000f0a      0x128 ./Source/croutine.o
                0x00000f0a                xCoRoutineCreate
 .text.vCoRoutineAddToDelayedList
                0x00001032       0xc2 ./Source/croutine.o
                0x00001032                vCoRoutineAddToDelayedList
 .text.prvCheckPendingReadyList
                0x000010f4       0x94 ./Source/croutine.o
 .text.prvCheckDelayedList
                0x00001188      0x15c ./Source/croutine.o
 .text.vCoRoutineSchedule
                0x000012e4      0x102 ./Source/croutine.o
                0x000012e4                vCoRoutineSchedule
 .text.prvInitialiseCoRoutineLists
                0x000013e6       0x72 ./Source/croutine.o
 .text.xCoRoutineRemoveFromEventList
                0x00001458       0x70 ./Source/croutine.o
                0x00001458                xCoRoutineRemoveFromEventList
 .text.xEventGroupCreate
                0x000014c8       0x3e ./Source/event_groups.o
                0x000014c8                xEventGroupCreate
 .text.xEventGroupSync
                0x00001506      0x172 ./Source/event_groups.o
                0x00001506                xEventGroupSync
 .text.xEventGroupWaitBits
                0x00001678      0x18c ./Source/event_groups.o
                0x00001678                xEventGroupWaitBits
 .text.xEventGroupClearBits
                0x00001804       0x6c ./Source/event_groups.o
                0x00001804                xEventGroupClearBits
 .text.xEventGroupGetBitsFromISR
                0x00001870       0x44 ./Source/event_groups.o
                0x00001870                xEventGroupGetBitsFromISR
 .text.xEventGroupSetBits
                0x000018b4      0x164 ./Source/event_groups.o
                0x000018b4                xEventGroupSetBits
 .text.vEventGroupDelete
                0x00001a18       0x62 ./Source/event_groups.o
                0x00001a18                vEventGroupDelete
 .text.vEventGroupSetBitsCallback
                0x00001a7a       0x3a ./Source/event_groups.o
                0x00001a7a                vEventGroupSetBitsCallback
 .text.vEventGroupClearBitsCallback
                0x00001ab4       0x3a ./Source/event_groups.o
                0x00001ab4                vEventGroupClearBitsCallback
 .text.prvTestWaitCondition
                0x00001aee       0x64 ./Source/event_groups.o
 .text.vListInitialise
                0x00001b52       0x54 ./Source/list.o
                0x00001b52                vListInitialise
 .text.vListInitialiseItem
                0x00001ba6       0x20 ./Source/list.o
                0x00001ba6                vListInitialiseItem
 .text.vListInsertEnd
                0x00001bc6       0x88 ./Source/list.o
                0x00001bc6                vListInsertEnd
 .text.vListInsert
                0x00001c4e       0xd8 ./Source/list.o
                0x00001c4e                vListInsert
 .text.uxListRemove
                0x00001d26       0x98 ./Source/list.o
                0x00001d26                uxListRemove
 .text.xQueueGenericReset
                0x00001dbe      0x156 ./Source/queue.o
                0x00001dbe                xQueueGenericReset
 .text.xQueueGenericCreate
                0x00001f14       0xe8 ./Source/queue.o
                0x00001f14                xQueueGenericCreate
 .text.prvInitialiseNewQueue
                0x00001ffc       0x76 ./Source/queue.o
 .text.xQueueGenericSend
                0x00002072      0x158 ./Source/queue.o
                0x00002072                xQueueGenericSend
 .text.xQueueGenericSendFromISR
                0x000021ca       0xb8 ./Source/queue.o
                0x000021ca                xQueueGenericSendFromISR
 .text.xQueueGiveFromISR
                0x00002282       0xa2 ./Source/queue.o
                0x00002282                xQueueGiveFromISR
 .text.xQueueReceive
                0x00002324      0x156 ./Source/queue.o
                0x00002324                xQueueReceive
 .text.xQueueSemaphoreTake
                0x0000247a      0x144 ./Source/queue.o
                0x0000247a                xQueueSemaphoreTake
 .text.xQueuePeek
                0x000025be      0x164 ./Source/queue.o
                0x000025be                xQueuePeek
 .text.xQueueReceiveFromISR
                0x00002722       0xae ./Source/queue.o
                0x00002722                xQueueReceiveFromISR
 .text.xQueuePeekFromISR
                0x000027d0       0x72 ./Source/queue.o
                0x000027d0                xQueuePeekFromISR
 .text.uxQueueMessagesWaiting
                0x00002842       0x30 ./Source/queue.o
                0x00002842                uxQueueMessagesWaiting
 .text.uxQueueSpacesAvailable
                0x00002872       0x4a ./Source/queue.o
                0x00002872                uxQueueSpacesAvailable
 .text.uxQueueMessagesWaitingFromISR
                0x000028bc       0x34 ./Source/queue.o
                0x000028bc                uxQueueMessagesWaitingFromISR
 .text.vQueueDelete
                0x000028f0       0x2e ./Source/queue.o
                0x000028f0                vQueueDelete
 .text.prvCopyDataToQueue
                0x0000291e      0x14c ./Source/queue.o
 .text.prvCopyDataFromQueue
                0x00002a6a       0x8e ./Source/queue.o
 .text.prvUnlockQueue
                0x00002af8       0xa6 ./Source/queue.o
 .text.prvIsQueueEmpty
                0x00002b9e       0x3a ./Source/queue.o
 .text.xQueueIsQueueEmptyFromISR
                0x00002bd8       0x3e ./Source/queue.o
                0x00002bd8                xQueueIsQueueEmptyFromISR
 .text.prvIsQueueFull
                0x00002c16       0x40 ./Source/queue.o
 .text.xQueueIsQueueFullFromISR
                0x00002c56       0x44 ./Source/queue.o
                0x00002c56                xQueueIsQueueFullFromISR
 .text.xQueueCRSend
                0x00002c9a       0xc2 ./Source/queue.o
                0x00002c9a                xQueueCRSend
 .text.xQueueCRReceive
                0x00002d5c      0x11c ./Source/queue.o
                0x00002d5c                xQueueCRReceive
 .text.xQueueCRSendFromISR
                0x00002e78       0x82 ./Source/queue.o
                0x00002e78                xQueueCRSendFromISR
 .text.xQueueCRReceiveFromISR
                0x00002efa       0xea ./Source/queue.o
                0x00002efa                xQueueCRReceiveFromISR
 .text.vQueueWaitForMessageRestricted
                0x00002fe4       0x86 ./Source/queue.o
                0x00002fe4                vQueueWaitForMessageRestricted
 .text.xTaskCreate
                0x0000306a       0xf0 ./Source/tasks.o
                0x0000306a                xTaskCreate
 .text.prvInitialiseNewTask
                0x0000315a      0x18a ./Source/tasks.o
 .text.prvAddNewTaskToReadyList
                0x000032e4      0x17a ./Source/tasks.o
 .text.vTaskDelete
                0x0000345e       0xf6 ./Source/tasks.o
                0x0000345e                vTaskDelete
 .text.xTaskDelayUntil
                0x00003554       0xe6 ./Source/tasks.o
                0x00003554                xTaskDelayUntil
 .text.vTaskDelay
                0x0000363a       0x44 ./Source/tasks.o
                0x0000363a                vTaskDelay
 .text.vTaskStartScheduler
                0x0000367e       0x76 ./Source/tasks.o
                0x0000367e                vTaskStartScheduler
 .text.vTaskEndScheduler
                0x000036f4       0x18 ./Source/tasks.o
                0x000036f4                vTaskEndScheduler
 .text.vTaskSuspendAll
                0x0000370c       0x18 ./Source/tasks.o
                0x0000370c                vTaskSuspendAll
 .text.xTaskResumeAll
                0x00003724      0x2a0 ./Source/tasks.o
                0x00003724                xTaskResumeAll
 .text.xTaskGetTickCount
                0x000039c4       0x2e ./Source/tasks.o
                0x000039c4                xTaskGetTickCount
 .text.xTaskGetTickCountFromISR
                0x000039f2       0x2a ./Source/tasks.o
                0x000039f2                xTaskGetTickCountFromISR
 .text.uxTaskGetNumberOfTasks
                0x00003a1c       0x12 ./Source/tasks.o
                0x00003a1c                uxTaskGetNumberOfTasks
 .text.pcTaskGetName
                0x00003a2e       0x50 ./Source/tasks.o
                0x00003a2e                pcTaskGetName
 .text.xTaskCatchUpTicks
                0x00003a7e       0x40 ./Source/tasks.o
                0x00003a7e                xTaskCatchUpTicks
 .text.xTaskIncrementTick
                0x00003abe      0x32e ./Source/tasks.o
                0x00003abe                xTaskIncrementTick
 .text.vTaskSwitchContext
                0x00003dec       0xda ./Source/tasks.o
                0x00003dec                vTaskSwitchContext
 .text.vTaskPlaceOnEventList
                0x00003ec6       0x44 ./Source/tasks.o
                0x00003ec6                vTaskPlaceOnEventList
 .text.vTaskPlaceOnUnorderedEventList
                0x00003f0a       0xca ./Source/tasks.o
                0x00003f0a                vTaskPlaceOnUnorderedEventList
 .text.vTaskPlaceOnEventListRestricted
                0x00003fd4       0xc4 ./Source/tasks.o
                0x00003fd4                vTaskPlaceOnEventListRestricted
 .text.xTaskRemoveFromEventList
                0x00004098      0x288 ./Source/tasks.o
                0x00004098                xTaskRemoveFromEventList
 .text.vTaskRemoveFromUnorderedEventList
                0x00004320      0x21c ./Source/tasks.o
                0x00004320                vTaskRemoveFromUnorderedEventList
 .text.vTaskSetTimeOutState
                0x0000453c       0x3c ./Source/tasks.o
                0x0000453c                vTaskSetTimeOutState
 .text.vTaskInternalSetTimeOutState
                0x00004578       0x32 ./Source/tasks.o
                0x00004578                vTaskInternalSetTimeOutState
 .text.xTaskCheckForTimeOut
                0x000045aa       0xce ./Source/tasks.o
                0x000045aa                xTaskCheckForTimeOut
 .text.vTaskMissedYield
                0x00004678       0x14 ./Source/tasks.o
                0x00004678                vTaskMissedYield
 .text.prvIdleTask
                0x0000468c       0x20 ./Source/tasks.o
 .text.prvInitialiseTaskLists
                0x000046ac       0x7a ./Source/tasks.o
 .text.prvCheckTasksWaitingTermination
                0x00004726       0x5e ./Source/tasks.o
 .text.prvDeleteTCB
                0x00004784       0x2c ./Source/tasks.o
 .text.prvResetNextTaskUnblockTime
                0x000047b0       0x44 ./Source/tasks.o
 .text.xTaskGetSchedulerState
                0x000047f4       0x32 ./Source/tasks.o
                0x000047f4                xTaskGetSchedulerState
 .text.uxTaskResetEventItemValue
                0x00004826       0x4e ./Source/tasks.o
                0x00004826                uxTaskResetEventItemValue
 .text.ulTaskGenericNotifyTake
                0x00004874      0x16c ./Source/tasks.o
                0x00004874                ulTaskGenericNotifyTake
 .text.xTaskGenericNotifyWait
                0x000049e0      0x1ee ./Source/tasks.o
                0x000049e0                xTaskGenericNotifyWait
 .text.xTaskGenericNotify
                0x00004bce      0x37c ./Source/tasks.o
                0x00004bce                xTaskGenericNotify
 .text.xTaskGenericNotifyFromISR
                0x00004f4a      0x3fe ./Source/tasks.o
                0x00004f4a                xTaskGenericNotifyFromISR
 .text.vTaskGenericNotifyGiveFromISR
                0x00005348      0x2a0 ./Source/tasks.o
                0x00005348                vTaskGenericNotifyGiveFromISR
 .text.xTaskGenericNotifyStateClear
                0x000055e8       0x92 ./Source/tasks.o
                0x000055e8                xTaskGenericNotifyStateClear
 .text.ulTaskGenericNotifyValueClear
                0x0000567a      0x104 ./Source/tasks.o
                0x0000567a                ulTaskGenericNotifyValueClear
 .text.prvAddCurrentTaskToDelayedList
                0x0000577e       0xcc ./Source/tasks.o
 .text.xTimerCreateTimerTask
                0x0000584a       0x52 ./Source/timers.o
                0x0000584a                xTimerCreateTimerTask
 .text.xTimerCreate
                0x0000589c       0x86 ./Source/timers.o
                0x0000589c                xTimerCreate
 .text.prvInitialiseNewTimer
                0x00005922       0x9e ./Source/timers.o
 .text.xTimerGenericCommand
                0x000059c0       0xca ./Source/timers.o
                0x000059c0                xTimerGenericCommand
 .text.xTimerGetTimerDaemonTaskHandle
                0x00005a8a       0x16 ./Source/timers.o
                0x00005a8a                xTimerGetTimerDaemonTaskHandle
 .text.xTimerGetPeriod
                0x00005aa0       0x2e ./Source/timers.o
                0x00005aa0                xTimerGetPeriod
 .text.vTimerSetReloadMode
                0x00005ace       0x5a ./Source/timers.o
                0x00005ace                vTimerSetReloadMode
 .text.uxTimerGetReloadMode
                0x00005b28       0x50 ./Source/timers.o
                0x00005b28                uxTimerGetReloadMode
 .text.xTimerGetExpiryTime
                0x00005b78       0x3c ./Source/timers.o
                0x00005b78                xTimerGetExpiryTime
 .text.pcTimerGetName
                0x00005bb4       0x2e ./Source/timers.o
                0x00005bb4                pcTimerGetName
 .text.prvReloadTimer
                0x00005be2       0x7e ./Source/timers.o
 .text.prvProcessExpiredTimer
                0x00005c60       0x8c ./Source/timers.o
 .text.prvTimerTask
                0x00005cec       0x30 ./Source/timers.o
 .text.prvProcessTimerOrBlockTask
                0x00005d1c       0xae ./Source/timers.o
 .text.prvGetNextExpireTime
                0x00005dca       0x68 ./Source/timers.o
 .text.prvSampleTimeNow
                0x00005e32       0x5c ./Source/timers.o
 .text.prvInsertTimerInActiveList
                0x00005e8e       0xd0 ./Source/timers.o
 .text.prvProcessReceivedCommands
                0x00005f5e      0x1f6 ./Source/timers.o
 .text.prvSwitchTimerLists
                0x00006154       0x74 ./Source/timers.o
 .text.prvCheckForValidListAndQueue
                0x000061c8       0x5e ./Source/timers.o
 .text.xTimerIsTimerActive
                0x00006226       0x50 ./Source/timers.o
                0x00006226                xTimerIsTimerActive
 .text.pvTimerGetTimerID
                0x00006276       0x46 ./Source/timers.o
                0x00006276                pvTimerGetTimerID
 .text.vTimerSetTimerID
                0x000062bc       0x46 ./Source/timers.o
                0x000062bc                vTimerSetTimerID
 .text.main     0x00006302       0xb8 ./main.o
                0x00006302                main
 .text.toggle_led_mode
                0x000063ba       0x26 ./main.o
                0x000063ba                toggle_led_mode
 .text.get_readings
                0x000063e0      0x10a ./main.o
                0x000063e0                get_readings
 .text.vState_machine
                0x000064ea       0x68 ./main.o
                0x000064ea                vState_machine
 .text.libgcc   0x00006552       0x28 c:/winavr-20100110/bin/../lib/gcc/avr/4.3.3/avr5\libgcc.a(_udivmodhi4.o)
                0x00006552                __udivmodhi4
 .text.libgcc   0x0000657a       0x26 c:/winavr-20100110/bin/../lib/gcc/avr/4.3.3/avr5\libgcc.a(_divmodhi4.o)
                0x0000657a                __divmodhi4
                0x0000657a                _div
 .text.libgcc   0x000065a0        0x0 c:/winavr-20100110/bin/../lib/gcc/avr/4.3.3/avr5\libgcc.a(_exit.o)
 .text.libgcc   0x000065a0        0x0 c:/winavr-20100110/bin/../lib/gcc/avr/4.3.3/avr5\libgcc.a(_copy_data.o)
 .text.libgcc   0x000065a0        0x0 c:/winavr-20100110/bin/../lib/gcc/avr/4.3.3/avr5\libgcc.a(_clear_bss.o)
 .text.avr-libc
                0x000065a0       0x12 c:/winavr-20100110/bin/../lib/gcc/avr/4.3.3/../../../../avr/lib/avr5\libc.a(memcpy.o)
                0x000065a0                memcpy
 .text.avr-libc
                0x000065b2        0xe c:/winavr-20100110/bin/../lib/gcc/avr/4.3.3/../../../../avr/lib/avr5\libc.a(memset.o)
                0x000065b2                memset
                0x000065c0                . = ALIGN (0x2)
 *(.fini9)
 .fini9         0x000065c0        0x0 c:/winavr-20100110/bin/../lib/gcc/avr/4.3.3/avr5\libgcc.a(_exit.o)
                0x000065c0                exit
                0x000065c0                _exit
 *(.fini9)
 *(.fini8)
 *(.fini8)
 *(.fini7)
 *(.fini7)
 *(.fini6)
 *(.fini6)
 *(.fini5)
 *(.fini5)
 *(.fini4)
 *(.fini4)
 *(.fini3)
 *(.fini3)
 *(.fini2)
 *(.fini2)
 *(.fini1)
 *(.fini1)
 *(.fini0)
 .fini0         0x000065c0        0x4 c:/winavr-20100110/bin/../lib/gcc/avr/4.3.3/avr5\libgcc.a(_exit.o)
 *(.fini0)
                0x000065c4                _etext = .

.data           0x00800060       0x2c load address 0x000065c4
                0x00800060                PROVIDE (__data_start, .)
 *(.data)
 .data          0x00800060        0x0 c:/winavr-20100110/bin/../lib/gcc/avr/4.3.3/../../../../avr/lib/avr5/crtm32.o
 .data          0x00800060        0x0 ./Source/portable/MemMang/heap_1.o
 .data          0x00800060        0x0 ./Source/portable/GCC/ATMega323/port.o
 .data          0x00800060        0x0 ./Source/include/Btn_Handler.o
 .data          0x00800060        0x0 ./Source/include/DIO.o
 .data          0x00800060        0x0 ./Source/include/LED.o
 .data          0x00800060        0x0 ./Source/include/PWM.o
 .data          0x00800060        0x0 ./Source/croutine.o
 .data          0x00800060        0x0 ./Source/event_groups.o
 .data          0x00800060        0x0 ./Source/list.o
 .data          0x00800060        0x0 ./Source/queue.o
 .data          0x00800060        0x5 ./Source/tasks.o
 .data          0x00800065        0x8 ./Source/timers.o
 .data          0x0080006d       0x1d ./main.o
 .data          0x0080008a        0x0 c:/winavr-20100110/bin/../lib/gcc/avr/4.3.3/avr5\libgcc.a(_udivmodhi4.o)
 .data          0x0080008a        0x0 c:/winavr-20100110/bin/../lib/gcc/avr/4.3.3/avr5\libgcc.a(_divmodhi4.o)
 .data          0x0080008a        0x0 c:/winavr-20100110/bin/../lib/gcc/avr/4.3.3/avr5\libgcc.a(_exit.o)
 .data          0x0080008a        0x0 c:/winavr-20100110/bin/../lib/gcc/avr/4.3.3/avr5\libgcc.a(_copy_data.o)
 .data          0x0080008a        0x0 c:/winavr-20100110/bin/../lib/gcc/avr/4.3.3/avr5\libgcc.a(_clear_bss.o)
 .data          0x0080008a        0x0 c:/winavr-20100110/bin/../lib/gcc/avr/4.3.3/../../../../avr/lib/avr5\libc.a(memcpy.o)
 .data          0x0080008a        0x0 c:/winavr-20100110/bin/../lib/gcc/avr/4.3.3/../../../../avr/lib/avr5\libc.a(memset.o)
 *(.data*)
 .data.uxTopUsedPriority
                0x0080008a        0x1 ./Source/tasks.o
                0x0080008a                uxTopUsedPriority
 *(.rodata)
 *(.rodata*)
 *(.gnu.linkonce.d*)
                0x0080008c                . = ALIGN (0x2)
 *fill*         0x0080008b        0x1 00
                0x0080008c                _edata = .
                0x0080008c                PROVIDE (__data_end, .)

.bss            0x0080008c      0x6a8
                0x0080008c                PROVIDE (__bss_start, .)
 *(.bss)
 .bss           0x0080008c        0x0 c:/winavr-20100110/bin/../lib/gcc/avr/4.3.3/../../../../avr/lib/avr5/crtm32.o
 .bss           0x0080008c        0x0 ./Source/portable/MemMang/heap_1.o
 .bss           0x0080008c        0x0 ./Source/portable/GCC/ATMega323/port.o
 .bss           0x0080008c        0x0 ./Source/include/Btn_Handler.o
 .bss           0x0080008c        0x0 ./Source/include/DIO.o
 .bss           0x0080008c        0x0 ./Source/include/LED.o
 .bss           0x0080008c        0x0 ./Source/include/PWM.o
 .bss           0x0080008c        0x0 ./Source/croutine.o
 .bss           0x0080008c        0x0 ./Source/event_groups.o
 .bss           0x0080008c        0x0 ./Source/list.o
 .bss           0x0080008c        0x0 ./Source/queue.o
 .bss           0x0080008c        0x0 ./Source/tasks.o
 .bss           0x0080008c        0x0 ./Source/timers.o
 .bss           0x0080008c        0x0 ./main.o
 .bss           0x0080008c        0x0 c:/winavr-20100110/bin/../lib/gcc/avr/4.3.3/avr5\libgcc.a(_udivmodhi4.o)
 .bss           0x0080008c        0x0 c:/winavr-20100110/bin/../lib/gcc/avr/4.3.3/avr5\libgcc.a(_divmodhi4.o)
 .bss           0x0080008c        0x0 c:/winavr-20100110/bin/../lib/gcc/avr/4.3.3/avr5\libgcc.a(_exit.o)
 .bss           0x0080008c        0x0 c:/winavr-20100110/bin/../lib/gcc/avr/4.3.3/avr5\libgcc.a(_copy_data.o)
 .bss           0x0080008c        0x0 c:/winavr-20100110/bin/../lib/gcc/avr/4.3.3/avr5\libgcc.a(_clear_bss.o)
 .bss           0x0080008c        0x0 c:/winavr-20100110/bin/../lib/gcc/avr/4.3.3/../../../../avr/lib/avr5\libc.a(memcpy.o)
 .bss           0x0080008c        0x0 c:/winavr-20100110/bin/../lib/gcc/avr/4.3.3/../../../../avr/lib/avr5\libc.a(memset.o)
 *(.bss*)
 .bss.xNextFreeByte
                0x0080008c        0x2 ./Source/portable/MemMang/heap_1.o
 .bss.pucAlignedHeap.1670
                0x0080008e        0x2 ./Source/portable/MemMang/heap_1.o
 .bss.ucHeap    0x00800090      0x5dc ./Source/portable/MemMang/heap_1.o
 .bss.pxDelayedCoRoutineList
                0x0080066c        0x2 ./Source/croutine.o
 .bss.pxOverflowDelayedCoRoutineList
                0x0080066e        0x2 ./Source/croutine.o
 .bss.pxCurrentCoRoutine
                0x00800670        0x2 ./Source/croutine.o
                0x00800670                pxCurrentCoRoutine
 .bss.uxTopCoRoutineReadyPriority
                0x00800672        0x1 ./Source/croutine.o
 .bss.xCoRoutineTickCount
                0x00800673        0x2 ./Source/croutine.o
 .bss.xLastTickCount
                0x00800675        0x2 ./Source/croutine.o
 .bss.xPassedTicks
                0x00800677        0x2 ./Source/croutine.o
 .bss.pxReadyCoRoutineLists
                0x00800679       0x12 ./Source/croutine.o
 .bss.xDelayedCoRoutineList1
                0x0080068b        0x9 ./Source/croutine.o
 .bss.xDelayedCoRoutineList2
                0x00800694        0x9 ./Source/croutine.o
 .bss.xPendingReadyCoRoutineList
                0x0080069d        0x9 ./Source/croutine.o
 .bss.pxCurrentTCB
                0x008006a6        0x2 ./Source/tasks.o
                0x008006a6                pxCurrentTCB
 .bss.uxDeletedTasksWaitingCleanUp
                0x008006a8        0x1 ./Source/tasks.o
 .bss.uxCurrentNumberOfTasks
                0x008006a9        0x1 ./Source/tasks.o
 .bss.xTickCount
                0x008006aa        0x2 ./Source/tasks.o
 .bss.uxTopReadyPriority
                0x008006ac        0x1 ./Source/tasks.o
 .bss.xSchedulerRunning
                0x008006ad        0x1 ./Source/tasks.o
 .bss.xPendedTicks
                0x008006ae        0x2 ./Source/tasks.o
 .bss.xYieldPending
                0x008006b0        0x1 ./Source/tasks.o
 .bss.xNumOfOverflows
                0x008006b1        0x1 ./Source/tasks.o
 .bss.uxTaskNumber
                0x008006b2        0x1 ./Source/tasks.o
 .bss.xNextTaskUnblockTime
                0x008006b3        0x2 ./Source/tasks.o
 .bss.xIdleTaskHandle
                0x008006b5        0x2 ./Source/tasks.o
 .bss.uxSchedulerSuspended
                0x008006b7        0x1 ./Source/tasks.o
 .bss.pxReadyTasksLists
                0x008006b8       0x24 ./Source/tasks.o
 .bss.xDelayedTaskList1
                0x008006dc        0x9 ./Source/tasks.o
 .bss.xDelayedTaskList2
                0x008006e5        0x9 ./Source/tasks.o
 .bss.pxDelayedTaskList
                0x008006ee        0x2 ./Source/tasks.o
 .bss.pxOverflowDelayedTaskList
                0x008006f0        0x2 ./Source/tasks.o
 .bss.xPendingReadyList
                0x008006f2        0x9 ./Source/tasks.o
 .bss.xTasksWaitingTermination
                0x008006fb        0x9 ./Source/tasks.o
 .bss.xTimerQueue
                0x00800704        0x2 ./Source/timers.o
 .bss.xTimerTaskHandle
                0x00800706        0x2 ./Source/timers.o
 .bss.xLastTime.2087
                0x00800708        0x2 ./Source/timers.o
 .bss.xActiveTimerList1
                0x0080070a        0x9 ./Source/timers.o
 .bss.xActiveTimerList2
                0x00800713        0x9 ./Source/timers.o
 .bss.pxCurrentTimerList
                0x0080071c        0x2 ./Source/timers.o
 .bss.pxOverflowTimerList
                0x0080071e        0x2 ./Source/timers.o
 .bss.xButtonTimer
                0x00800720        0x2 ./main.o
                0x00800720                xButtonTimer
 .bss.xLedBlinkingTimer
                0x00800722        0x2 ./main.o
                0x00800722                xLedBlinkingTimer
 .bss.led_mode  0x00800724        0x1 ./main.o
                0x00800724                led_mode
 .bss.prev_state
                0x00800725        0x1 ./main.o
                0x00800725                prev_state
 .bss.hazzred_button_pressed_counter
                0x00800726        0x2 ./main.o
                0x00800726                hazzred_button_pressed_counter
 .bss.ignition_button
                0x00800728        0x1 ./main.o
                0x00800728                ignition_button
 *(COMMON)
 COMMON         0x00800729        0xb ./main.o
                0x00800729                R_button
                0x0080072a                task2ptr
                0x0080072c                L_button
                0x0080072d                task1ptr
                0x0080072f                Hazzred_button
                0x00800730                left_button_pressed_counter
                0x00800732                right_button_pressed_counter
                0x00800734                PROVIDE (__bss_end, .)
                0x000065c4                __data_load_start = LOADADDR (.data)
                0x000065f0                __data_load_end = (__data_load_start + SIZEOF (.data))

.noinit         0x00800734        0x0
                0x00800734                PROVIDE (__noinit_start, .)
 *(.noinit*)
                0x00800734                PROVIDE (__noinit_end, .)
                0x00800734                _end = .
                0x00800734                PROVIDE (__heap_start, .)

.eeprom         0x00810000        0x0
 *(.eeprom*)
                0x00810000                __eeprom_end = .

.fuse
 *(.fuse)
 *(.lfuse)
 *(.hfuse)
 *(.efuse)

.lock
 *(.lock*)

.signature
 *(.signature*)

.stab           0x00000000     0x9468
 *(.stab)
 .stab          0x00000000      0x7d4 ./Source/portable/MemMang/heap_1.o
 .stab          0x000007d4      0x840 ./Source/portable/GCC/ATMega323/port.o
                                0xcfc (size before relaxing)
 .stab          0x00001014      0x3cc ./Source/include/Btn_Handler.o
                                0x588 (size before relaxing)
 .stab          0x000013e0      0x324 ./Source/include/DIO.o
                                0x57c (size before relaxing)
 .stab          0x00001704      0x258 ./Source/include/LED.o
                                0x4e0 (size before relaxing)
 .stab          0x0000195c      0x2b8 ./Source/include/PWM.o
                                0x510 (size before relaxing)
 .stab          0x00001c14      0x96c ./Source/croutine.o
                                0xcd8 (size before relaxing)
 .stab          0x00002580      0xc6c ./Source/event_groups.o
                               0x1134 (size before relaxing)
 .stab          0x000031ec      0x474 ./Source/list.o
                                0x870 (size before relaxing)
 .stab          0x00003660     0x2070 ./Source/queue.o
                               0x2574 (size before relaxing)
 .stab          0x000056d0     0x2634 ./Source/tasks.o
                               0x2b2c (size before relaxing)
 .stab          0x00007d04     0x1194 ./Source/timers.o
                               0x16bc (size before relaxing)
 .stab          0x00008e98      0x5d0 ./main.o
                                0xa80 (size before relaxing)

.stabstr        0x00000000     0x557d
 *(.stabstr)
 .stabstr       0x00000000     0x557d ./Source/portable/MemMang/heap_1.o

.stab.excl
 *(.stab.excl)

.stab.exclstr
 *(.stab.exclstr)

.stab.index
 *(.stab.index)

.stab.indexstr
 *(.stab.indexstr)

.comment
 *(.comment)

.debug
 *(.debug)

.line
 *(.line)

.debug_srcinfo
 *(.debug_srcinfo)

.debug_sfnames
 *(.debug_sfnames)

.debug_aranges
 *(.debug_aranges)

.debug_pubnames
 *(.debug_pubnames)

.debug_info
 *(.debug_info)
 *(.gnu.linkonce.wi.*)

.debug_abbrev
 *(.debug_abbrev)

.debug_line
 *(.debug_line)

.debug_frame
 *(.debug_frame)

.debug_str
 *(.debug_str)

.debug_loc
 *(.debug_loc)

.debug_macinfo
 *(.debug_macinfo)
OUTPUT(RTOS_2023.elf elf32-avr)
LOAD linker stubs
