Archive member included because of file (symbol)

c:/winavr-20100110/bin/../lib/gcc/avr/4.3.3/avr5\libgcc.a(_udivmodhi4.o)
                              ./Source/queue.o (__udivmodhi4)
c:/winavr-20100110/bin/../lib/gcc/avr/4.3.3/avr5\libgcc.a(_divmodhi4.o)
                              ./TIMER.o (__divmodhi4)
c:/winavr-20100110/bin/../lib/gcc/avr/4.3.3/avr5\libgcc.a(_exit.o)
                              c:/winavr-20100110/bin/../lib/gcc/avr/4.3.3/../../../../avr/lib/avr5/crtm32.o (exit)
c:/winavr-20100110/bin/../lib/gcc/avr/4.3.3/avr5\libgcc.a(_copy_data.o)
                              ./Source/tasks.o (__do_copy_data)
c:/winavr-20100110/bin/../lib/gcc/avr/4.3.3/avr5\libgcc.a(_clear_bss.o)
                              ./Source/portable/MemMang/heap_1.o (__do_clear_bss)
c:/winavr-20100110/bin/../lib/gcc/avr/4.3.3/../../../../avr/lib/avr5\libc.a(memcpy.o)
                              ./Source/queue.o (memcpy)
c:/winavr-20100110/bin/../lib/gcc/avr/4.3.3/../../../../avr/lib/avr5\libc.a(memset.o)
                              ./Source/tasks.o (memset)

Allocating common symbols
Common symbol       size              file

R_button            0x1               ./main.o
task2ptr            0x2               ./main.o
L_button            0x1               ./main.o
task1ptr            0x2               ./main.o
Hazzred_button      0x1               ./main.o
left_button_pressed_counter
                    0x2               ./main.o
right_button_pressed_counter
                    0x2               ./main.o

Memory Configuration

Name             Origin             Length             Attributes
text             0x00000000         0x00020000         xr
data             0x00800060         0x0000ffa0         rw !x
eeprom           0x00810000         0x00010000         rw !x
fuse             0x00820000         0x00000400         rw !x
lock             0x00830000         0x00000400         rw !x
signature        0x00840000         0x00000400         rw !x
*default*        0x00000000         0xffffffff

Linker script and memory map

LOAD c:/winavr-20100110/bin/../lib/gcc/avr/4.3.3/../../../../avr/lib/avr5/crtm32.o
LOAD ./Source/portable/MemMang/heap_1.o
LOAD ./Source/portable/GCC/ATMega323/port.o
LOAD ./Source/croutine.o
LOAD ./Source/event_groups.o
LOAD ./Source/list.o
LOAD ./Source/queue.o
LOAD ./Source/tasks.o
LOAD ./Source/timers.o
LOAD ./DIO.o
LOAD ./INT.o
LOAD ./TIMER.o
LOAD ./main.o
LOAD c:/winavr-20100110/bin/../lib/gcc/avr/4.3.3/avr5\libgcc.a
LOAD c:/winavr-20100110/bin/../lib/gcc/avr/4.3.3/../../../../avr/lib/avr5\libc.a
LOAD c:/winavr-20100110/bin/../lib/gcc/avr/4.3.3/avr5\libgcc.a

.hash
 *(.hash)

.dynsym
 *(.dynsym)

.dynstr
 *(.dynstr)

.gnu.version
 *(.gnu.version)

.gnu.version_d
 *(.gnu.version_d)

.gnu.version_r
 *(.gnu.version_r)

.rel.init
 *(.rel.init)

.rela.init
 *(.rela.init)

.rel.text
 *(.rel.text)
 *(.rel.text.*)
 *(.rel.gnu.linkonce.t*)

.rela.text
 *(.rela.text)
 *(.rela.text.*)
 *(.rela.gnu.linkonce.t*)

.rel.fini
 *(.rel.fini)

.rela.fini
 *(.rela.fini)

.rel.rodata
 *(.rel.rodata)
 *(.rel.rodata.*)
 *(.rel.gnu.linkonce.r*)

.rela.rodata
 *(.rela.rodata)
 *(.rela.rodata.*)
 *(.rela.gnu.linkonce.r*)

.rel.data
 *(.rel.data)
 *(.rel.data.*)
 *(.rel.gnu.linkonce.d*)

.rela.data
 *(.rela.data)
 *(.rela.data.*)
 *(.rela.gnu.linkonce.d*)

.rel.ctors
 *(.rel.ctors)

.rela.ctors
 *(.rela.ctors)

.rel.dtors
 *(.rel.dtors)

.rela.dtors
 *(.rela.dtors)

.rel.got
 *(.rel.got)

.rela.got
 *(.rela.got)

.rel.bss
 *(.rel.bss)

.rela.bss
 *(.rela.bss)

.rel.plt
 *(.rel.plt)

.rela.plt
 *(.rela.plt)

.text           0x00000000     0x6650
 *(.vectors)
 .vectors       0x00000000       0x54 c:/winavr-20100110/bin/../lib/gcc/avr/4.3.3/../../../../avr/lib/avr5/crtm32.o
                0x00000000                __vectors
                0x00000000                __vector_default
 *(.vectors)
 *(.progmem.gcc*)
 *(.progmem*)
                0x00000054                . = ALIGN (0x2)
                0x00000054                __trampolines_start = .
 *(.trampolines)
 .trampolines   0x00000054        0x0 linker stubs
 *(.trampolines*)
                0x00000054                __trampolines_end = .
 *(.jumptables)
 *(.jumptables*)
 *(.lowtext)
 *(.lowtext*)
                0x00000054                __ctors_start = .
 *(.ctors)
                0x00000054                __ctors_end = .
                0x00000054                __dtors_start = .
 *(.dtors)
                0x00000054                __dtors_end = .
 SORT(*)(.ctors)
 SORT(*)(.dtors)
 *(.init0)
 .init0         0x00000054        0x0 c:/winavr-20100110/bin/../lib/gcc/avr/4.3.3/../../../../avr/lib/avr5/crtm32.o
                0x00000054                __init
 *(.init0)
 *(.init1)
 *(.init1)
 *(.init2)
 .init2         0x00000054        0xc c:/winavr-20100110/bin/../lib/gcc/avr/4.3.3/../../../../avr/lib/avr5/crtm32.o
 *(.init2)
 *(.init3)
 *(.init3)
 *(.init4)
 .init4         0x00000060       0x16 c:/winavr-20100110/bin/../lib/gcc/avr/4.3.3/avr5\libgcc.a(_copy_data.o)
                0x00000060                __do_copy_data
 .init4         0x00000076       0x10 c:/winavr-20100110/bin/../lib/gcc/avr/4.3.3/avr5\libgcc.a(_clear_bss.o)
                0x00000076                __do_clear_bss
 *(.init4)
 *(.init5)
 *(.init5)
 *(.init6)
 *(.init6)
 *(.init7)
 *(.init7)
 *(.init8)
 *(.init8)
 *(.init9)
 .init9         0x00000086        0x8 c:/winavr-20100110/bin/../lib/gcc/avr/4.3.3/../../../../avr/lib/avr5/crtm32.o
 *(.init9)
 *(.text)
 .text          0x0000008e        0x4 c:/winavr-20100110/bin/../lib/gcc/avr/4.3.3/../../../../avr/lib/avr5/crtm32.o
                0x0000008e                __vector_1
                0x0000008e                __vector_12
                0x0000008e                __bad_interrupt
                0x0000008e                __vector_6
                0x0000008e                __vector_3
                0x0000008e                __vector_11
                0x0000008e                __vector_13
                0x0000008e                __vector_17
                0x0000008e                __vector_19
                0x0000008e                __vector_5
                0x0000008e                __vector_4
                0x0000008e                __vector_9
                0x0000008e                __vector_2
                0x0000008e                __vector_15
                0x0000008e                __vector_8
                0x0000008e                __vector_14
                0x0000008e                __vector_10
                0x0000008e                __vector_16
                0x0000008e                __vector_18
                0x0000008e                __vector_20
 .text          0x00000092        0x0 ./Source/portable/MemMang/heap_1.o
 .text          0x00000092        0x0 ./Source/portable/GCC/ATMega323/port.o
 .text          0x00000092        0x0 ./Source/croutine.o
 .text          0x00000092        0x0 ./Source/event_groups.o
 .text          0x00000092        0x0 ./Source/list.o
 .text          0x00000092        0x0 ./Source/queue.o
 .text          0x00000092        0x0 ./Source/tasks.o
 .text          0x00000092        0x0 ./Source/timers.o
 .text          0x00000092        0x0 ./DIO.o
 .text          0x00000092        0x0 ./INT.o
 .text          0x00000092        0x0 ./TIMER.o
 .text          0x00000092        0x0 ./main.o
 .text          0x00000092        0x0 c:/winavr-20100110/bin/../lib/gcc/avr/4.3.3/avr5\libgcc.a(_udivmodhi4.o)
 .text          0x00000092        0x0 c:/winavr-20100110/bin/../lib/gcc/avr/4.3.3/avr5\libgcc.a(_divmodhi4.o)
 .text          0x00000092        0x0 c:/winavr-20100110/bin/../lib/gcc/avr/4.3.3/avr5\libgcc.a(_exit.o)
 .text          0x00000092        0x0 c:/winavr-20100110/bin/../lib/gcc/avr/4.3.3/avr5\libgcc.a(_copy_data.o)
 .text          0x00000092        0x0 c:/winavr-20100110/bin/../lib/gcc/avr/4.3.3/avr5\libgcc.a(_clear_bss.o)
 .text          0x00000092        0x0 c:/winavr-20100110/bin/../lib/gcc/avr/4.3.3/../../../../avr/lib/avr5\libc.a(memcpy.o)
 .text          0x00000092        0x0 c:/winavr-20100110/bin/../lib/gcc/avr/4.3.3/../../../../avr/lib/avr5\libc.a(memset.o)
                0x00000092                . = ALIGN (0x2)
 *(.text.*)
 .text.pvPortMalloc
                0x00000092       0xb4 ./Source/portable/MemMang/heap_1.o
                0x00000092                pvPortMalloc
 .text.vPortFree
                0x00000146       0x18 ./Source/portable/MemMang/heap_1.o
                0x00000146                vPortFree
 .text.vPortInitialiseBlocks
                0x0000015e       0x16 ./Source/portable/MemMang/heap_1.o
                0x0000015e                vPortInitialiseBlocks
 .text.xPortGetFreeHeapSize
                0x00000174       0x1e ./Source/portable/MemMang/heap_1.o
                0x00000174                xPortGetFreeHeapSize
 .text.pxPortInitialiseStack
                0x00000192      0x306 ./Source/portable/GCC/ATMega323/port.o
                0x00000192                pxPortInitialiseStack
 .text.xPortStartScheduler
                0x00000498       0x6a ./Source/portable/GCC/ATMega323/port.o
                0x00000498                xPortStartScheduler
 .text.vPortEndScheduler
                0x00000502        0xe ./Source/portable/GCC/ATMega323/port.o
                0x00000502                vPortEndScheduler
 .text.vPortYield
                0x00000510       0xb2 ./Source/portable/GCC/ATMega323/port.o
                0x00000510                vPortYield
 .text.vPortYieldFromTick
                0x000005c2       0xba ./Source/portable/GCC/ATMega323/port.o
                0x000005c2                vPortYieldFromTick
 .text.prvSetupTimerInterrupt
                0x0000067c       0xb8 ./Source/portable/GCC/ATMega323/port.o
 .text.__vector_7
                0x00000734        0x6 ./Source/portable/GCC/ATMega323/port.o
                0x00000734                __vector_7
 .text.xCoRoutineCreate
                0x0000073a      0x128 ./Source/croutine.o
                0x0000073a                xCoRoutineCreate
 .text.vCoRoutineAddToDelayedList
                0x00000862       0xc2 ./Source/croutine.o
                0x00000862                vCoRoutineAddToDelayedList
 .text.prvCheckPendingReadyList
                0x00000924       0x94 ./Source/croutine.o
 .text.prvCheckDelayedList
                0x000009b8      0x15c ./Source/croutine.o
 .text.vCoRoutineSchedule
                0x00000b14      0x102 ./Source/croutine.o
                0x00000b14                vCoRoutineSchedule
 .text.prvInitialiseCoRoutineLists
                0x00000c16       0x72 ./Source/croutine.o
 .text.xCoRoutineRemoveFromEventList
                0x00000c88       0x70 ./Source/croutine.o
                0x00000c88                xCoRoutineRemoveFromEventList
 .text.xEventGroupCreate
                0x00000cf8       0x3e ./Source/event_groups.o
                0x00000cf8                xEventGroupCreate
 .text.xEventGroupSync
                0x00000d36      0x172 ./Source/event_groups.o
                0x00000d36                xEventGroupSync
 .text.xEventGroupWaitBits
                0x00000ea8      0x18c ./Source/event_groups.o
                0x00000ea8                xEventGroupWaitBits
 .text.xEventGroupClearBits
                0x00001034       0x6c ./Source/event_groups.o
                0x00001034                xEventGroupClearBits
 .text.xEventGroupGetBitsFromISR
                0x000010a0       0x44 ./Source/event_groups.o
                0x000010a0                xEventGroupGetBitsFromISR
 .text.xEventGroupSetBits
                0x000010e4      0x164 ./Source/event_groups.o
                0x000010e4                xEventGroupSetBits
 .text.vEventGroupDelete
                0x00001248       0x62 ./Source/event_groups.o
                0x00001248                vEventGroupDelete
 .text.vEventGroupSetBitsCallback
                0x000012aa       0x3a ./Source/event_groups.o
                0x000012aa                vEventGroupSetBitsCallback
 .text.vEventGroupClearBitsCallback
                0x000012e4       0x3a ./Source/event_groups.o
                0x000012e4                vEventGroupClearBitsCallback
 .text.prvTestWaitCondition
                0x0000131e       0x64 ./Source/event_groups.o
 .text.vListInitialise
                0x00001382       0x54 ./Source/list.o
                0x00001382                vListInitialise
 .text.vListInitialiseItem
                0x000013d6       0x20 ./Source/list.o
                0x000013d6                vListInitialiseItem
 .text.vListInsertEnd
                0x000013f6       0x88 ./Source/list.o
                0x000013f6                vListInsertEnd
 .text.vListInsert
                0x0000147e       0xd8 ./Source/list.o
                0x0000147e                vListInsert
 .text.uxListRemove
                0x00001556       0x98 ./Source/list.o
                0x00001556                uxListRemove
 .text.xQueueGenericReset
                0x000015ee      0x156 ./Source/queue.o
                0x000015ee                xQueueGenericReset
 .text.xQueueGenericCreate
                0x00001744       0xe8 ./Source/queue.o
                0x00001744                xQueueGenericCreate
 .text.prvInitialiseNewQueue
                0x0000182c       0x76 ./Source/queue.o
 .text.xQueueGenericSend
                0x000018a2      0x158 ./Source/queue.o
                0x000018a2                xQueueGenericSend
 .text.xQueueGenericSendFromISR
                0x000019fa       0xb8 ./Source/queue.o
                0x000019fa                xQueueGenericSendFromISR
 .text.xQueueGiveFromISR
                0x00001ab2       0xa2 ./Source/queue.o
                0x00001ab2                xQueueGiveFromISR
 .text.xQueueReceive
                0x00001b54      0x156 ./Source/queue.o
                0x00001b54                xQueueReceive
 .text.xQueueSemaphoreTake
                0x00001caa      0x144 ./Source/queue.o
                0x00001caa                xQueueSemaphoreTake
 .text.xQueuePeek
                0x00001dee      0x164 ./Source/queue.o
                0x00001dee                xQueuePeek
 .text.xQueueReceiveFromISR
                0x00001f52       0xae ./Source/queue.o
                0x00001f52                xQueueReceiveFromISR
 .text.xQueuePeekFromISR
                0x00002000       0x72 ./Source/queue.o
                0x00002000                xQueuePeekFromISR
 .text.uxQueueMessagesWaiting
                0x00002072       0x30 ./Source/queue.o
                0x00002072                uxQueueMessagesWaiting
 .text.uxQueueSpacesAvailable
                0x000020a2       0x4a ./Source/queue.o
                0x000020a2                uxQueueSpacesAvailable
 .text.uxQueueMessagesWaitingFromISR
                0x000020ec       0x34 ./Source/queue.o
                0x000020ec                uxQueueMessagesWaitingFromISR
 .text.vQueueDelete
                0x00002120       0x2e ./Source/queue.o
                0x00002120                vQueueDelete
 .text.prvCopyDataToQueue
                0x0000214e      0x14c ./Source/queue.o
 .text.prvCopyDataFromQueue
                0x0000229a       0x8e ./Source/queue.o
 .text.prvUnlockQueue
                0x00002328       0xa6 ./Source/queue.o
 .text.prvIsQueueEmpty
                0x000023ce       0x3a ./Source/queue.o
 .text.xQueueIsQueueEmptyFromISR
                0x00002408       0x3e ./Source/queue.o
                0x00002408                xQueueIsQueueEmptyFromISR
 .text.prvIsQueueFull
                0x00002446       0x40 ./Source/queue.o
 .text.xQueueIsQueueFullFromISR
                0x00002486       0x44 ./Source/queue.o
                0x00002486                xQueueIsQueueFullFromISR
 .text.xQueueCRSend
                0x000024ca       0xc2 ./Source/queue.o
                0x000024ca                xQueueCRSend
 .text.xQueueCRReceive
                0x0000258c      0x11c ./Source/queue.o
                0x0000258c                xQueueCRReceive
 .text.xQueueCRSendFromISR
                0x000026a8       0x82 ./Source/queue.o
                0x000026a8                xQueueCRSendFromISR
 .text.xQueueCRReceiveFromISR
                0x0000272a       0xea ./Source/queue.o
                0x0000272a                xQueueCRReceiveFromISR
 .text.vQueueWaitForMessageRestricted
                0x00002814       0x86 ./Source/queue.o
                0x00002814                vQueueWaitForMessageRestricted
 .text.xTaskCreate
                0x0000289a       0xf0 ./Source/tasks.o
                0x0000289a                xTaskCreate
 .text.prvInitialiseNewTask
                0x0000298a      0x18a ./Source/tasks.o
 .text.prvAddNewTaskToReadyList
                0x00002b14      0x17a ./Source/tasks.o
 .text.vTaskDelete
                0x00002c8e       0xf6 ./Source/tasks.o
                0x00002c8e                vTaskDelete
 .text.xTaskDelayUntil
                0x00002d84       0xe6 ./Source/tasks.o
                0x00002d84                xTaskDelayUntil
 .text.vTaskDelay
                0x00002e6a       0x44 ./Source/tasks.o
                0x00002e6a                vTaskDelay
 .text.vTaskStartScheduler
                0x00002eae       0x76 ./Source/tasks.o
                0x00002eae                vTaskStartScheduler
 .text.vTaskEndScheduler
                0x00002f24       0x18 ./Source/tasks.o
                0x00002f24                vTaskEndScheduler
 .text.vTaskSuspendAll
                0x00002f3c       0x18 ./Source/tasks.o
                0x00002f3c                vTaskSuspendAll
 .text.xTaskResumeAll
                0x00002f54      0x2a0 ./Source/tasks.o
                0x00002f54                xTaskResumeAll
 .text.xTaskGetTickCount
                0x000031f4       0x2e ./Source/tasks.o
                0x000031f4                xTaskGetTickCount
 .text.xTaskGetTickCountFromISR
                0x00003222       0x2a ./Source/tasks.o
                0x00003222                xTaskGetTickCountFromISR
 .text.uxTaskGetNumberOfTasks
                0x0000324c       0x12 ./Source/tasks.o
                0x0000324c                uxTaskGetNumberOfTasks
 .text.pcTaskGetName
                0x0000325e       0x50 ./Source/tasks.o
                0x0000325e                pcTaskGetName
 .text.xTaskCatchUpTicks
                0x000032ae       0x40 ./Source/tasks.o
                0x000032ae                xTaskCatchUpTicks
 .text.xTaskIncrementTick
                0x000032ee      0x32e ./Source/tasks.o
                0x000032ee                xTaskIncrementTick
 .text.vTaskSwitchContext
                0x0000361c       0xda ./Source/tasks.o
                0x0000361c                vTaskSwitchContext
 .text.vTaskPlaceOnEventList
                0x000036f6       0x44 ./Source/tasks.o
                0x000036f6                vTaskPlaceOnEventList
 .text.vTaskPlaceOnUnorderedEventList
                0x0000373a       0xca ./Source/tasks.o
                0x0000373a                vTaskPlaceOnUnorderedEventList
 .text.vTaskPlaceOnEventListRestricted
                0x00003804       0xc4 ./Source/tasks.o
                0x00003804                vTaskPlaceOnEventListRestricted
 .text.xTaskRemoveFromEventList
                0x000038c8      0x288 ./Source/tasks.o
                0x000038c8                xTaskRemoveFromEventList
 .text.vTaskRemoveFromUnorderedEventList
                0x00003b50      0x21c ./Source/tasks.o
                0x00003b50                vTaskRemoveFromUnorderedEventList
 .text.vTaskSetTimeOutState
                0x00003d6c       0x3c ./Source/tasks.o
                0x00003d6c                vTaskSetTimeOutState
 .text.vTaskInternalSetTimeOutState
                0x00003da8       0x32 ./Source/tasks.o
                0x00003da8                vTaskInternalSetTimeOutState
 .text.xTaskCheckForTimeOut
                0x00003dda       0xce ./Source/tasks.o
                0x00003dda                xTaskCheckForTimeOut
 .text.vTaskMissedYield
                0x00003ea8       0x14 ./Source/tasks.o
                0x00003ea8                vTaskMissedYield
 .text.prvIdleTask
                0x00003ebc       0x20 ./Source/tasks.o
 .text.prvInitialiseTaskLists
                0x00003edc       0x7a ./Source/tasks.o
 .text.prvCheckTasksWaitingTermination
                0x00003f56       0x5e ./Source/tasks.o
 .text.prvDeleteTCB
                0x00003fb4       0x2c ./Source/tasks.o
 .text.prvResetNextTaskUnblockTime
                0x00003fe0       0x44 ./Source/tasks.o
 .text.xTaskGetSchedulerState
                0x00004024       0x32 ./Source/tasks.o
                0x00004024                xTaskGetSchedulerState
 .text.uxTaskResetEventItemValue
                0x00004056       0x4e ./Source/tasks.o
                0x00004056                uxTaskResetEventItemValue
 .text.ulTaskGenericNotifyTake
                0x000040a4      0x16c ./Source/tasks.o
                0x000040a4                ulTaskGenericNotifyTake
 .text.xTaskGenericNotifyWait
                0x00004210      0x1ee ./Source/tasks.o
                0x00004210                xTaskGenericNotifyWait
 .text.xTaskGenericNotify
                0x000043fe      0x37c ./Source/tasks.o
                0x000043fe                xTaskGenericNotify
 .text.xTaskGenericNotifyFromISR
                0x0000477a      0x3fe ./Source/tasks.o
                0x0000477a                xTaskGenericNotifyFromISR
 .text.vTaskGenericNotifyGiveFromISR
                0x00004b78      0x2a0 ./Source/tasks.o
                0x00004b78                vTaskGenericNotifyGiveFromISR
 .text.xTaskGenericNotifyStateClear
                0x00004e18       0x92 ./Source/tasks.o
                0x00004e18                xTaskGenericNotifyStateClear
 .text.ulTaskGenericNotifyValueClear
                0x00004eaa      0x104 ./Source/tasks.o
                0x00004eaa                ulTaskGenericNotifyValueClear
 .text.prvAddCurrentTaskToDelayedList
                0x00004fae       0xcc ./Source/tasks.o
 .text.xTimerCreateTimerTask
                0x0000507a       0x52 ./Source/timers.o
                0x0000507a                xTimerCreateTimerTask
 .text.xTimerCreate
                0x000050cc       0x86 ./Source/timers.o
                0x000050cc                xTimerCreate
 .text.prvInitialiseNewTimer
                0x00005152       0x9e ./Source/timers.o
 .text.xTimerGenericCommand
                0x000051f0       0xca ./Source/timers.o
                0x000051f0                xTimerGenericCommand
 .text.xTimerGetTimerDaemonTaskHandle
                0x000052ba       0x16 ./Source/timers.o
                0x000052ba                xTimerGetTimerDaemonTaskHandle
 .text.xTimerGetPeriod
                0x000052d0       0x2e ./Source/timers.o
                0x000052d0                xTimerGetPeriod
 .text.vTimerSetReloadMode
                0x000052fe       0x5a ./Source/timers.o
                0x000052fe                vTimerSetReloadMode
 .text.uxTimerGetReloadMode
                0x00005358       0x50 ./Source/timers.o
                0x00005358                uxTimerGetReloadMode
 .text.xTimerGetExpiryTime
                0x000053a8       0x3c ./Source/timers.o
                0x000053a8                xTimerGetExpiryTime
 .text.pcTimerGetName
                0x000053e4       0x2e ./Source/timers.o
                0x000053e4                pcTimerGetName
 .text.prvReloadTimer
                0x00005412       0x7e ./Source/timers.o
 .text.prvProcessExpiredTimer
                0x00005490       0x8c ./Source/timers.o
 .text.prvTimerTask
                0x0000551c       0x30 ./Source/timers.o
 .text.prvProcessTimerOrBlockTask
                0x0000554c       0xae ./Source/timers.o
 .text.prvGetNextExpireTime
                0x000055fa       0x68 ./Source/timers.o
 .text.prvSampleTimeNow
                0x00005662       0x5c ./Source/timers.o
 .text.prvInsertTimerInActiveList
                0x000056be       0xd0 ./Source/timers.o
 .text.prvProcessReceivedCommands
                0x0000578e      0x1f6 ./Source/timers.o
 .text.prvSwitchTimerLists
                0x00005984       0x74 ./Source/timers.o
 .text.prvCheckForValidListAndQueue
                0x000059f8       0x5e ./Source/timers.o
 .text.xTimerIsTimerActive
                0x00005a56       0x50 ./Source/timers.o
                0x00005a56                xTimerIsTimerActive
 .text.pvTimerGetTimerID
                0x00005aa6       0x46 ./Source/timers.o
                0x00005aa6                pvTimerGetTimerID
 .text.vTimerSetTimerID
                0x00005aec       0x46 ./Source/timers.o
                0x00005aec                vTimerSetTimerID
 .text.DIO_SetPinDir
                0x00005b32      0x1da ./DIO.o
                0x00005b32                DIO_SetPinDir
 .text.DIO_SetPinVal
                0x00005d0c      0x1da ./DIO.o
                0x00005d0c                DIO_SetPinVal
 .text.DIO_GetPinVal
                0x00005ee6      0x104 ./DIO.o
                0x00005ee6                DIO_GetPinVal
 .text.DIO_TogPinVal
                0x00005fea       0xfa ./DIO.o
                0x00005fea                DIO_TogPinVal
 .text.GIE      0x000060e4       0x1c ./INT.o
                0x000060e4                GIE
 .text.GID      0x00006100       0x1c ./INT.o
                0x00006100                GID
 .text.Timer0_INIT
                0x0000611c       0x3c ./TIMER.o
                0x0000611c                Timer0_INIT
 .text.Timer0_Start
                0x00006158       0x38 ./TIMER.o
                0x00006158                Timer0_Start
 .text.Timer0_Stop
                0x00006190       0x38 ./TIMER.o
                0x00006190                Timer0_Stop
 .text.TIMER0_PWM_Stop
                0x000061c8       0x2a ./TIMER.o
                0x000061c8                TIMER0_PWM_Stop
 .text.TIMER0_PWM_Start
                0x000061f2       0x2a ./TIMER.o
                0x000061f2                TIMER0_PWM_Start
 .text.Timer0_SET_DUTY_CYCLE
                0x0000621c       0x50 ./TIMER.o
                0x0000621c                Timer0_SET_DUTY_CYCLE
 .text.main     0x0000626c       0xb4 ./main.o
                0x0000626c                main
 .text.toggle_led_mode
                0x00006320       0x26 ./main.o
                0x00006320                toggle_led_mode
 .text.get_readings
                0x00006346      0x14e ./main.o
                0x00006346                get_readings
 .text.vState_machine
                0x00006494       0x52 ./main.o
                0x00006494                vState_machine
 .text.vBlink_Right
                0x000064e6       0x2c ./main.o
                0x000064e6                vBlink_Right
 .text.Blink_LEFT
                0x00006512       0x2c ./main.o
                0x00006512                Blink_LEFT
 .text.READ_IGNITON
                0x0000653e       0x28 ./main.o
                0x0000653e                READ_IGNITON
 .text.READ_HAZARD_Button
                0x00006566       0x28 ./main.o
                0x00006566                READ_HAZARD_Button
 .text.READ_RIGHT_Button
                0x0000658e       0x28 ./main.o
                0x0000658e                READ_RIGHT_Button
 .text.READ_LEFT_Button
                0x000065b6       0x28 ./main.o
                0x000065b6                READ_LEFT_Button
 .text.libgcc   0x000065de       0x28 c:/winavr-20100110/bin/../lib/gcc/avr/4.3.3/avr5\libgcc.a(_udivmodhi4.o)
                0x000065de                __udivmodhi4
 .text.libgcc   0x00006606       0x26 c:/winavr-20100110/bin/../lib/gcc/avr/4.3.3/avr5\libgcc.a(_divmodhi4.o)
                0x00006606                __divmodhi4
                0x00006606                _div
 .text.libgcc   0x0000662c        0x0 c:/winavr-20100110/bin/../lib/gcc/avr/4.3.3/avr5\libgcc.a(_exit.o)
 .text.libgcc   0x0000662c        0x0 c:/winavr-20100110/bin/../lib/gcc/avr/4.3.3/avr5\libgcc.a(_copy_data.o)
 .text.libgcc   0x0000662c        0x0 c:/winavr-20100110/bin/../lib/gcc/avr/4.3.3/avr5\libgcc.a(_clear_bss.o)
 .text.avr-libc
                0x0000662c       0x12 c:/winavr-20100110/bin/../lib/gcc/avr/4.3.3/../../../../avr/lib/avr5\libc.a(memcpy.o)
                0x0000662c                memcpy
 .text.avr-libc
                0x0000663e        0xe c:/winavr-20100110/bin/../lib/gcc/avr/4.3.3/../../../../avr/lib/avr5\libc.a(memset.o)
                0x0000663e                memset
                0x0000664c                . = ALIGN (0x2)
 *(.fini9)
 .fini9         0x0000664c        0x0 c:/winavr-20100110/bin/../lib/gcc/avr/4.3.3/avr5\libgcc.a(_exit.o)
                0x0000664c                exit
                0x0000664c                _exit
 *(.fini9)
 *(.fini8)
 *(.fini8)
 *(.fini7)
 *(.fini7)
 *(.fini6)
 *(.fini6)
 *(.fini5)
 *(.fini5)
 *(.fini4)
 *(.fini4)
 *(.fini3)
 *(.fini3)
 *(.fini2)
 *(.fini2)
 *(.fini1)
 *(.fini1)
 *(.fini0)
 .fini0         0x0000664c        0x4 c:/winavr-20100110/bin/../lib/gcc/avr/4.3.3/avr5\libgcc.a(_exit.o)
 *(.fini0)
                0x00006650                _etext = .

.data           0x00800060       0x2c load address 0x00006650
                0x00800060                PROVIDE (__data_start, .)
 *(.data)
 .data          0x00800060        0x0 c:/winavr-20100110/bin/../lib/gcc/avr/4.3.3/../../../../avr/lib/avr5/crtm32.o
 .data          0x00800060        0x0 ./Source/portable/MemMang/heap_1.o
 .data          0x00800060        0x0 ./Source/portable/GCC/ATMega323/port.o
 .data          0x00800060        0x0 ./Source/croutine.o
 .data          0x00800060        0x0 ./Source/event_groups.o
 .data          0x00800060        0x0 ./Source/list.o
 .data          0x00800060        0x0 ./Source/queue.o
 .data          0x00800060        0x5 ./Source/tasks.o
 .data          0x00800065        0x8 ./Source/timers.o
 .data          0x0080006d        0x0 ./DIO.o
 .data          0x0080006d        0x0 ./INT.o
 .data          0x0080006d        0x0 ./TIMER.o
 .data          0x0080006d       0x1d ./main.o
 .data          0x0080008a        0x0 c:/winavr-20100110/bin/../lib/gcc/avr/4.3.3/avr5\libgcc.a(_udivmodhi4.o)
 .data          0x0080008a        0x0 c:/winavr-20100110/bin/../lib/gcc/avr/4.3.3/avr5\libgcc.a(_divmodhi4.o)
 .data          0x0080008a        0x0 c:/winavr-20100110/bin/../lib/gcc/avr/4.3.3/avr5\libgcc.a(_exit.o)
 .data          0x0080008a        0x0 c:/winavr-20100110/bin/../lib/gcc/avr/4.3.3/avr5\libgcc.a(_copy_data.o)
 .data          0x0080008a        0x0 c:/winavr-20100110/bin/../lib/gcc/avr/4.3.3/avr5\libgcc.a(_clear_bss.o)
 .data          0x0080008a        0x0 c:/winavr-20100110/bin/../lib/gcc/avr/4.3.3/../../../../avr/lib/avr5\libc.a(memcpy.o)
 .data          0x0080008a        0x0 c:/winavr-20100110/bin/../lib/gcc/avr/4.3.3/../../../../avr/lib/avr5\libc.a(memset.o)
 *(.data*)
 .data.uxTopUsedPriority
                0x0080008a        0x1 ./Source/tasks.o
                0x0080008a                uxTopUsedPriority
 *(.rodata)
 *(.rodata*)
 *(.gnu.linkonce.d*)
                0x0080008c                . = ALIGN (0x2)
 *fill*         0x0080008b        0x1 00
                0x0080008c                _edata = .
                0x0080008c                PROVIDE (__data_end, .)

.bss            0x0080008c      0x6a9
                0x0080008c                PROVIDE (__bss_start, .)
 *(.bss)
 .bss           0x0080008c        0x0 c:/winavr-20100110/bin/../lib/gcc/avr/4.3.3/../../../../avr/lib/avr5/crtm32.o
 .bss           0x0080008c        0x0 ./Source/portable/MemMang/heap_1.o
 .bss           0x0080008c        0x0 ./Source/portable/GCC/ATMega323/port.o
 .bss           0x0080008c        0x0 ./Source/croutine.o
 .bss           0x0080008c        0x0 ./Source/event_groups.o
 .bss           0x0080008c        0x0 ./Source/list.o
 .bss           0x0080008c        0x0 ./Source/queue.o
 .bss           0x0080008c        0x0 ./Source/tasks.o
 .bss           0x0080008c        0x0 ./Source/timers.o
 .bss           0x0080008c        0x0 ./DIO.o
 .bss           0x0080008c        0x0 ./INT.o
 .bss           0x0080008c        0x0 ./TIMER.o
 .bss           0x0080008c        0x0 ./main.o
 .bss           0x0080008c        0x0 c:/winavr-20100110/bin/../lib/gcc/avr/4.3.3/avr5\libgcc.a(_udivmodhi4.o)
 .bss           0x0080008c        0x0 c:/winavr-20100110/bin/../lib/gcc/avr/4.3.3/avr5\libgcc.a(_divmodhi4.o)
 .bss           0x0080008c        0x0 c:/winavr-20100110/bin/../lib/gcc/avr/4.3.3/avr5\libgcc.a(_exit.o)
 .bss           0x0080008c        0x0 c:/winavr-20100110/bin/../lib/gcc/avr/4.3.3/avr5\libgcc.a(_copy_data.o)
 .bss           0x0080008c        0x0 c:/winavr-20100110/bin/../lib/gcc/avr/4.3.3/avr5\libgcc.a(_clear_bss.o)
 .bss           0x0080008c        0x0 c:/winavr-20100110/bin/../lib/gcc/avr/4.3.3/../../../../avr/lib/avr5\libc.a(memcpy.o)
 .bss           0x0080008c        0x0 c:/winavr-20100110/bin/../lib/gcc/avr/4.3.3/../../../../avr/lib/avr5\libc.a(memset.o)
 *(.bss*)
 .bss.xNextFreeByte
                0x0080008c        0x2 ./Source/portable/MemMang/heap_1.o
 .bss.pucAlignedHeap.1670
                0x0080008e        0x2 ./Source/portable/MemMang/heap_1.o
 .bss.ucHeap    0x00800090      0x5dc ./Source/portable/MemMang/heap_1.o
 .bss.pxDelayedCoRoutineList
                0x0080066c        0x2 ./Source/croutine.o
 .bss.pxOverflowDelayedCoRoutineList
                0x0080066e        0x2 ./Source/croutine.o
 .bss.pxCurrentCoRoutine
                0x00800670        0x2 ./Source/croutine.o
                0x00800670                pxCurrentCoRoutine
 .bss.uxTopCoRoutineReadyPriority
                0x00800672        0x1 ./Source/croutine.o
 .bss.xCoRoutineTickCount
                0x00800673        0x2 ./Source/croutine.o
 .bss.xLastTickCount
                0x00800675        0x2 ./Source/croutine.o
 .bss.xPassedTicks
                0x00800677        0x2 ./Source/croutine.o
 .bss.pxReadyCoRoutineLists
                0x00800679       0x12 ./Source/croutine.o
 .bss.xDelayedCoRoutineList1
                0x0080068b        0x9 ./Source/croutine.o
 .bss.xDelayedCoRoutineList2
                0x00800694        0x9 ./Source/croutine.o
 .bss.xPendingReadyCoRoutineList
                0x0080069d        0x9 ./Source/croutine.o
 .bss.pxCurrentTCB
                0x008006a6        0x2 ./Source/tasks.o
                0x008006a6                pxCurrentTCB
 .bss.uxDeletedTasksWaitingCleanUp
                0x008006a8        0x1 ./Source/tasks.o
 .bss.uxCurrentNumberOfTasks
                0x008006a9        0x1 ./Source/tasks.o
 .bss.xTickCount
                0x008006aa        0x2 ./Source/tasks.o
 .bss.uxTopReadyPriority
                0x008006ac        0x1 ./Source/tasks.o
 .bss.xSchedulerRunning
                0x008006ad        0x1 ./Source/tasks.o
 .bss.xPendedTicks
                0x008006ae        0x2 ./Source/tasks.o
 .bss.xYieldPending
                0x008006b0        0x1 ./Source/tasks.o
 .bss.xNumOfOverflows
                0x008006b1        0x1 ./Source/tasks.o
 .bss.uxTaskNumber
                0x008006b2        0x1 ./Source/tasks.o
 .bss.xNextTaskUnblockTime
                0x008006b3        0x2 ./Source/tasks.o
 .bss.xIdleTaskHandle
                0x008006b5        0x2 ./Source/tasks.o
 .bss.uxSchedulerSuspended
                0x008006b7        0x1 ./Source/tasks.o
 .bss.pxReadyTasksLists
                0x008006b8       0x24 ./Source/tasks.o
 .bss.xDelayedTaskList1
                0x008006dc        0x9 ./Source/tasks.o
 .bss.xDelayedTaskList2
                0x008006e5        0x9 ./Source/tasks.o
 .bss.pxDelayedTaskList
                0x008006ee        0x2 ./Source/tasks.o
 .bss.pxOverflowDelayedTaskList
                0x008006f0        0x2 ./Source/tasks.o
 .bss.xPendingReadyList
                0x008006f2        0x9 ./Source/tasks.o
 .bss.xTasksWaitingTermination
                0x008006fb        0x9 ./Source/tasks.o
 .bss.xTimerQueue
                0x00800704        0x2 ./Source/timers.o
 .bss.xTimerTaskHandle
                0x00800706        0x2 ./Source/timers.o
 .bss.xLastTime.2087
                0x00800708        0x2 ./Source/timers.o
 .bss.xActiveTimerList1
                0x0080070a        0x9 ./Source/timers.o
 .bss.xActiveTimerList2
                0x00800713        0x9 ./Source/timers.o
 .bss.pxCurrentTimerList
                0x0080071c        0x2 ./Source/timers.o
 .bss.pxOverflowTimerList
                0x0080071e        0x2 ./Source/timers.o
 .bss.arr       0x00800720        0x2 ./main.o
                0x00800720                arr
 .bss.xButtonTimer
                0x00800722        0x2 ./main.o
                0x00800722                xButtonTimer
 .bss.xLedBlinkingTimer
                0x00800724        0x2 ./main.o
                0x00800724                xLedBlinkingTimer
 .bss.led_mode  0x00800726        0x1 ./main.o
                0x00800726                led_mode
 .bss.hazzred_button_pressed_counter
                0x00800727        0x2 ./main.o
                0x00800727                hazzred_button_pressed_counter
 .bss.ignition_button
                0x00800729        0x1 ./main.o
                0x00800729                ignition_button
 *(COMMON)
 COMMON         0x0080072a        0xb ./main.o
                0x0080072a                R_button
                0x0080072b                task2ptr
                0x0080072d                L_button
                0x0080072e                task1ptr
                0x00800730                Hazzred_button
                0x00800731                left_button_pressed_counter
                0x00800733                right_button_pressed_counter
                0x00800735                PROVIDE (__bss_end, .)
                0x00006650                __data_load_start = LOADADDR (.data)
                0x0000667c                __data_load_end = (__data_load_start + SIZEOF (.data))

.noinit         0x00800735        0x0
                0x00800735                PROVIDE (__noinit_start, .)
 *(.noinit*)
                0x00800735                PROVIDE (__noinit_end, .)
                0x00800735                _end = .
                0x00800735                PROVIDE (__heap_start, .)

.eeprom         0x00810000        0x0
 *(.eeprom*)
                0x00810000                __eeprom_end = .

.fuse
 *(.fuse)
 *(.lfuse)
 *(.hfuse)
 *(.efuse)

.lock
 *(.lock*)

.signature
 *(.signature*)

.stab           0x00000000     0x94d4
 *(.stab)
 .stab          0x00000000      0x7d4 ./Source/portable/MemMang/heap_1.o
 .stab          0x000007d4      0x840 ./Source/portable/GCC/ATMega323/port.o
                                0xcfc (size before relaxing)
 .stab          0x00001014      0x99c ./Source/croutine.o
                                0xcd8 (size before relaxing)
 .stab          0x000019b0      0xc6c ./Source/event_groups.o
                               0x1134 (size before relaxing)
 .stab          0x0000261c      0x474 ./Source/list.o
                                0x870 (size before relaxing)
 .stab          0x00002a90     0x2070 ./Source/queue.o
                               0x2574 (size before relaxing)
 .stab          0x00004b00     0x2634 ./Source/tasks.o
                               0x2b2c (size before relaxing)
 .stab          0x00007134     0x1194 ./Source/timers.o
                               0x16bc (size before relaxing)
 .stab          0x000082c8      0x3a8 ./DIO.o
                                0x3b4 (size before relaxing)
 .stab          0x00008670      0x300 ./INT.o
                                0x3cc (size before relaxing)
 .stab          0x00008970      0x33c ./TIMER.o
                                0x5ac (size before relaxing)
 .stab          0x00008cac      0x828 ./main.o
                                0xcd8 (size before relaxing)

.stabstr        0x00000000     0x5e12
 *(.stabstr)
 .stabstr       0x00000000     0x5e12 ./Source/portable/MemMang/heap_1.o

.stab.excl
 *(.stab.excl)

.stab.exclstr
 *(.stab.exclstr)

.stab.index
 *(.stab.index)

.stab.indexstr
 *(.stab.indexstr)

.comment
 *(.comment)

.debug
 *(.debug)

.line
 *(.line)

.debug_srcinfo
 *(.debug_srcinfo)

.debug_sfnames
 *(.debug_sfnames)

.debug_aranges
 *(.debug_aranges)

.debug_pubnames
 *(.debug_pubnames)

.debug_info
 *(.debug_info)
 *(.gnu.linkonce.wi.*)

.debug_abbrev
 *(.debug_abbrev)

.debug_line
 *(.debug_line)

.debug_frame
 *(.debug_frame)

.debug_str
 *(.debug_str)

.debug_loc
 *(.debug_loc)

.debug_macinfo
 *(.debug_macinfo)
OUTPUT(RTOS_2023.elf elf32-avr)
LOAD linker stubs
