Archive member included because of file (symbol)

c:/winavr-20100110/bin/../lib/gcc/avr/4.3.3/avr5\libgcc.a(_udivmodhi4.o)
                              ./Source/queue.o (__udivmodhi4)
c:/winavr-20100110/bin/../lib/gcc/avr/4.3.3/avr5\libgcc.a(_divmodhi4.o)
                              ./Source/include/MCAL/TIMER.o (__divmodhi4)
c:/winavr-20100110/bin/../lib/gcc/avr/4.3.3/avr5\libgcc.a(_exit.o)
                              c:/winavr-20100110/bin/../lib/gcc/avr/4.3.3/../../../../avr/lib/avr5/crtm32.o (exit)
c:/winavr-20100110/bin/../lib/gcc/avr/4.3.3/avr5\libgcc.a(_copy_data.o)
                              ./Source/tasks.o (__do_copy_data)
c:/winavr-20100110/bin/../lib/gcc/avr/4.3.3/avr5\libgcc.a(_clear_bss.o)
                              ./Source/portable/MemMang/heap_1.o (__do_clear_bss)
c:/winavr-20100110/bin/../lib/gcc/avr/4.3.3/../../../../avr/lib/avr5\libc.a(memcpy.o)
                              ./Source/queue.o (memcpy)
c:/winavr-20100110/bin/../lib/gcc/avr/4.3.3/../../../../avr/lib/avr5\libc.a(memset.o)
                              ./Source/tasks.o (memset)

Allocating common symbols
Common symbol       size              file

R_button            0x1               ./main.o
task2ptr            0x2               ./main.o
L_button            0x1               ./main.o
task1ptr            0x2               ./main.o
Hazzred_button      0x1               ./main.o
left_button_pressed_counter
                    0x2               ./main.o
right_button_pressed_counter
                    0x2               ./main.o

Memory Configuration

Name             Origin             Length             Attributes
text             0x00000000         0x00020000         xr
data             0x00800060         0x0000ffa0         rw !x
eeprom           0x00810000         0x00010000         rw !x
fuse             0x00820000         0x00000400         rw !x
lock             0x00830000         0x00000400         rw !x
signature        0x00840000         0x00000400         rw !x
*default*        0x00000000         0xffffffff

Linker script and memory map

LOAD c:/winavr-20100110/bin/../lib/gcc/avr/4.3.3/../../../../avr/lib/avr5/crtm32.o
LOAD ./Source/portable/MemMang/heap_1.o
LOAD ./Source/portable/GCC/ATMega323/port.o
LOAD ./Source/include/MCAL/DIO.o
LOAD ./Source/include/MCAL/INT.o
LOAD ./Source/include/MCAL/TIMER.o
LOAD ./Source/include/HAL/Btn_Handler.o
LOAD ./Source/croutine.o
LOAD ./Source/event_groups.o
LOAD ./Source/list.o
LOAD ./Source/queue.o
LOAD ./Source/tasks.o
LOAD ./Source/timers.o
LOAD ./main.o
LOAD c:/winavr-20100110/bin/../lib/gcc/avr/4.3.3/avr5\libgcc.a
LOAD c:/winavr-20100110/bin/../lib/gcc/avr/4.3.3/../../../../avr/lib/avr5\libc.a
LOAD c:/winavr-20100110/bin/../lib/gcc/avr/4.3.3/avr5\libgcc.a

.hash
 *(.hash)

.dynsym
 *(.dynsym)

.dynstr
 *(.dynstr)

.gnu.version
 *(.gnu.version)

.gnu.version_d
 *(.gnu.version_d)

.gnu.version_r
 *(.gnu.version_r)

.rel.init
 *(.rel.init)

.rela.init
 *(.rela.init)

.rel.text
 *(.rel.text)
 *(.rel.text.*)
 *(.rel.gnu.linkonce.t*)

.rela.text
 *(.rela.text)
 *(.rela.text.*)
 *(.rela.gnu.linkonce.t*)

.rel.fini
 *(.rel.fini)

.rela.fini
 *(.rela.fini)

.rel.rodata
 *(.rel.rodata)
 *(.rel.rodata.*)
 *(.rel.gnu.linkonce.r*)

.rela.rodata
 *(.rela.rodata)
 *(.rela.rodata.*)
 *(.rela.gnu.linkonce.r*)

.rel.data
 *(.rel.data)
 *(.rel.data.*)
 *(.rel.gnu.linkonce.d*)

.rela.data
 *(.rela.data)
 *(.rela.data.*)
 *(.rela.gnu.linkonce.d*)

.rel.ctors
 *(.rel.ctors)

.rela.ctors
 *(.rela.ctors)

.rel.dtors
 *(.rel.dtors)

.rela.dtors
 *(.rela.dtors)

.rel.got
 *(.rel.got)

.rela.got
 *(.rela.got)

.rel.bss
 *(.rel.bss)

.rela.bss
 *(.rela.bss)

.rel.plt
 *(.rel.plt)

.rela.plt
 *(.rela.plt)

.text           0x00000000     0x66ba
 *(.vectors)
 .vectors       0x00000000       0x54 c:/winavr-20100110/bin/../lib/gcc/avr/4.3.3/../../../../avr/lib/avr5/crtm32.o
                0x00000000                __vectors
                0x00000000                __vector_default
 *(.vectors)
 *(.progmem.gcc*)
 *(.progmem*)
                0x00000054                . = ALIGN (0x2)
                0x00000054                __trampolines_start = .
 *(.trampolines)
 .trampolines   0x00000054        0x0 linker stubs
 *(.trampolines*)
                0x00000054                __trampolines_end = .
 *(.jumptables)
 *(.jumptables*)
 *(.lowtext)
 *(.lowtext*)
                0x00000054                __ctors_start = .
 *(.ctors)
                0x00000054                __ctors_end = .
                0x00000054                __dtors_start = .
 *(.dtors)
                0x00000054                __dtors_end = .
 SORT(*)(.ctors)
 SORT(*)(.dtors)
 *(.init0)
 .init0         0x00000054        0x0 c:/winavr-20100110/bin/../lib/gcc/avr/4.3.3/../../../../avr/lib/avr5/crtm32.o
                0x00000054                __init
 *(.init0)
 *(.init1)
 *(.init1)
 *(.init2)
 .init2         0x00000054        0xc c:/winavr-20100110/bin/../lib/gcc/avr/4.3.3/../../../../avr/lib/avr5/crtm32.o
 *(.init2)
 *(.init3)
 *(.init3)
 *(.init4)
 .init4         0x00000060       0x16 c:/winavr-20100110/bin/../lib/gcc/avr/4.3.3/avr5\libgcc.a(_copy_data.o)
                0x00000060                __do_copy_data
 .init4         0x00000076       0x10 c:/winavr-20100110/bin/../lib/gcc/avr/4.3.3/avr5\libgcc.a(_clear_bss.o)
                0x00000076                __do_clear_bss
 *(.init4)
 *(.init5)
 *(.init5)
 *(.init6)
 *(.init6)
 *(.init7)
 *(.init7)
 *(.init8)
 *(.init8)
 *(.init9)
 .init9         0x00000086        0x8 c:/winavr-20100110/bin/../lib/gcc/avr/4.3.3/../../../../avr/lib/avr5/crtm32.o
 *(.init9)
 *(.text)
 .text          0x0000008e        0x4 c:/winavr-20100110/bin/../lib/gcc/avr/4.3.3/../../../../avr/lib/avr5/crtm32.o
                0x0000008e                __vector_1
                0x0000008e                __vector_12
                0x0000008e                __bad_interrupt
                0x0000008e                __vector_6
                0x0000008e                __vector_3
                0x0000008e                __vector_11
                0x0000008e                __vector_13
                0x0000008e                __vector_17
                0x0000008e                __vector_19
                0x0000008e                __vector_5
                0x0000008e                __vector_4
                0x0000008e                __vector_9
                0x0000008e                __vector_2
                0x0000008e                __vector_15
                0x0000008e                __vector_8
                0x0000008e                __vector_14
                0x0000008e                __vector_10
                0x0000008e                __vector_16
                0x0000008e                __vector_18
                0x0000008e                __vector_20
 .text          0x00000092        0x0 ./Source/portable/MemMang/heap_1.o
 .text          0x00000092        0x0 ./Source/portable/GCC/ATMega323/port.o
 .text          0x00000092        0x0 ./Source/include/MCAL/DIO.o
 .text          0x00000092        0x0 ./Source/include/MCAL/INT.o
 .text          0x00000092        0x0 ./Source/include/MCAL/TIMER.o
 .text          0x00000092        0x0 ./Source/include/HAL/Btn_Handler.o
 .text          0x00000092        0x0 ./Source/croutine.o
 .text          0x00000092        0x0 ./Source/event_groups.o
 .text          0x00000092        0x0 ./Source/list.o
 .text          0x00000092        0x0 ./Source/queue.o
 .text          0x00000092        0x0 ./Source/tasks.o
 .text          0x00000092        0x0 ./Source/timers.o
 .text          0x00000092        0x0 ./main.o
 .text          0x00000092        0x0 c:/winavr-20100110/bin/../lib/gcc/avr/4.3.3/avr5\libgcc.a(_udivmodhi4.o)
 .text          0x00000092        0x0 c:/winavr-20100110/bin/../lib/gcc/avr/4.3.3/avr5\libgcc.a(_divmodhi4.o)
 .text          0x00000092        0x0 c:/winavr-20100110/bin/../lib/gcc/avr/4.3.3/avr5\libgcc.a(_exit.o)
 .text          0x00000092        0x0 c:/winavr-20100110/bin/../lib/gcc/avr/4.3.3/avr5\libgcc.a(_copy_data.o)
 .text          0x00000092        0x0 c:/winavr-20100110/bin/../lib/gcc/avr/4.3.3/avr5\libgcc.a(_clear_bss.o)
 .text          0x00000092        0x0 c:/winavr-20100110/bin/../lib/gcc/avr/4.3.3/../../../../avr/lib/avr5\libc.a(memcpy.o)
 .text          0x00000092        0x0 c:/winavr-20100110/bin/../lib/gcc/avr/4.3.3/../../../../avr/lib/avr5\libc.a(memset.o)
                0x00000092                . = ALIGN (0x2)
 *(.text.*)
 .text.pvPortMalloc
                0x00000092       0xb4 ./Source/portable/MemMang/heap_1.o
                0x00000092                pvPortMalloc
 .text.vPortFree
                0x00000146       0x18 ./Source/portable/MemMang/heap_1.o
                0x00000146                vPortFree
 .text.vPortInitialiseBlocks
                0x0000015e       0x16 ./Source/portable/MemMang/heap_1.o
                0x0000015e                vPortInitialiseBlocks
 .text.xPortGetFreeHeapSize
                0x00000174       0x1e ./Source/portable/MemMang/heap_1.o
                0x00000174                xPortGetFreeHeapSize
 .text.pxPortInitialiseStack
                0x00000192      0x306 ./Source/portable/GCC/ATMega323/port.o
                0x00000192                pxPortInitialiseStack
 .text.xPortStartScheduler
                0x00000498       0x6a ./Source/portable/GCC/ATMega323/port.o
                0x00000498                xPortStartScheduler
 .text.vPortEndScheduler
                0x00000502        0xe ./Source/portable/GCC/ATMega323/port.o
                0x00000502                vPortEndScheduler
 .text.vPortYield
                0x00000510       0xb2 ./Source/portable/GCC/ATMega323/port.o
                0x00000510                vPortYield
 .text.vPortYieldFromTick
                0x000005c2       0xba ./Source/portable/GCC/ATMega323/port.o
                0x000005c2                vPortYieldFromTick
 .text.prvSetupTimerInterrupt
                0x0000067c       0xb8 ./Source/portable/GCC/ATMega323/port.o
 .text.__vector_7
                0x00000734        0x6 ./Source/portable/GCC/ATMega323/port.o
                0x00000734                __vector_7
 .text.DIO_SetPinDir
                0x0000073a      0x1da ./Source/include/MCAL/DIO.o
                0x0000073a                DIO_SetPinDir
 .text.DIO_SetPinVal
                0x00000914      0x1da ./Source/include/MCAL/DIO.o
                0x00000914                DIO_SetPinVal
 .text.DIO_GetPinVal
                0x00000aee      0x104 ./Source/include/MCAL/DIO.o
                0x00000aee                DIO_GetPinVal
 .text.DIO_TogPinVal
                0x00000bf2       0xfa ./Source/include/MCAL/DIO.o
                0x00000bf2                DIO_TogPinVal
 .text.GIE      0x00000cec       0x1c ./Source/include/MCAL/INT.o
                0x00000cec                GIE
 .text.GID      0x00000d08       0x1c ./Source/include/MCAL/INT.o
                0x00000d08                GID
 .text.Timer0_INIT
                0x00000d24       0x3c ./Source/include/MCAL/TIMER.o
                0x00000d24                Timer0_INIT
 .text.Timer0_Start
                0x00000d60       0x38 ./Source/include/MCAL/TIMER.o
                0x00000d60                Timer0_Start
 .text.Timer0_Stop
                0x00000d98       0x38 ./Source/include/MCAL/TIMER.o
                0x00000d98                Timer0_Stop
 .text.TIMER0_PWM_Stop
                0x00000dd0       0x2a ./Source/include/MCAL/TIMER.o
                0x00000dd0                TIMER0_PWM_Stop
 .text.TIMER0_PWM_Start
                0x00000dfa       0x2a ./Source/include/MCAL/TIMER.o
                0x00000dfa                TIMER0_PWM_Start
 .text.Timer0_SET_DUTY_CYCLE
                0x00000e24       0x50 ./Source/include/MCAL/TIMER.o
                0x00000e24                Timer0_SET_DUTY_CYCLE
 .text.READ_IGNITON
                0x00000e74       0x28 ./Source/include/HAL/Btn_Handler.o
                0x00000e74                READ_IGNITON
 .text.READ_HAZARD_Button
                0x00000e9c       0x28 ./Source/include/HAL/Btn_Handler.o
                0x00000e9c                READ_HAZARD_Button
 .text.READ_RIGHT_Button
                0x00000ec4       0x28 ./Source/include/HAL/Btn_Handler.o
                0x00000ec4                READ_RIGHT_Button
 .text.READ_LEFT_Button
                0x00000eec       0x28 ./Source/include/HAL/Btn_Handler.o
                0x00000eec                READ_LEFT_Button
 .text.xCoRoutineCreate
                0x00000f14      0x128 ./Source/croutine.o
                0x00000f14                xCoRoutineCreate
 .text.vCoRoutineAddToDelayedList
                0x0000103c       0xc2 ./Source/croutine.o
                0x0000103c                vCoRoutineAddToDelayedList
 .text.prvCheckPendingReadyList
                0x000010fe       0x94 ./Source/croutine.o
 .text.prvCheckDelayedList
                0x00001192      0x15c ./Source/croutine.o
 .text.vCoRoutineSchedule
                0x000012ee      0x102 ./Source/croutine.o
                0x000012ee                vCoRoutineSchedule
 .text.prvInitialiseCoRoutineLists
                0x000013f0       0x72 ./Source/croutine.o
 .text.xCoRoutineRemoveFromEventList
                0x00001462       0x70 ./Source/croutine.o
                0x00001462                xCoRoutineRemoveFromEventList
 .text.xEventGroupCreate
                0x000014d2       0x3e ./Source/event_groups.o
                0x000014d2                xEventGroupCreate
 .text.xEventGroupSync
                0x00001510      0x172 ./Source/event_groups.o
                0x00001510                xEventGroupSync
 .text.xEventGroupWaitBits
                0x00001682      0x18c ./Source/event_groups.o
                0x00001682                xEventGroupWaitBits
 .text.xEventGroupClearBits
                0x0000180e       0x6c ./Source/event_groups.o
                0x0000180e                xEventGroupClearBits
 .text.xEventGroupGetBitsFromISR
                0x0000187a       0x44 ./Source/event_groups.o
                0x0000187a                xEventGroupGetBitsFromISR
 .text.xEventGroupSetBits
                0x000018be      0x164 ./Source/event_groups.o
                0x000018be                xEventGroupSetBits
 .text.vEventGroupDelete
                0x00001a22       0x62 ./Source/event_groups.o
                0x00001a22                vEventGroupDelete
 .text.vEventGroupSetBitsCallback
                0x00001a84       0x3a ./Source/event_groups.o
                0x00001a84                vEventGroupSetBitsCallback
 .text.vEventGroupClearBitsCallback
                0x00001abe       0x3a ./Source/event_groups.o
                0x00001abe                vEventGroupClearBitsCallback
 .text.prvTestWaitCondition
                0x00001af8       0x64 ./Source/event_groups.o
 .text.vListInitialise
                0x00001b5c       0x54 ./Source/list.o
                0x00001b5c                vListInitialise
 .text.vListInitialiseItem
                0x00001bb0       0x20 ./Source/list.o
                0x00001bb0                vListInitialiseItem
 .text.vListInsertEnd
                0x00001bd0       0x88 ./Source/list.o
                0x00001bd0                vListInsertEnd
 .text.vListInsert
                0x00001c58       0xd8 ./Source/list.o
                0x00001c58                vListInsert
 .text.uxListRemove
                0x00001d30       0x98 ./Source/list.o
                0x00001d30                uxListRemove
 .text.xQueueGenericReset
                0x00001dc8      0x156 ./Source/queue.o
                0x00001dc8                xQueueGenericReset
 .text.xQueueGenericCreate
                0x00001f1e       0xe8 ./Source/queue.o
                0x00001f1e                xQueueGenericCreate
 .text.prvInitialiseNewQueue
                0x00002006       0x76 ./Source/queue.o
 .text.xQueueGenericSend
                0x0000207c      0x158 ./Source/queue.o
                0x0000207c                xQueueGenericSend
 .text.xQueueGenericSendFromISR
                0x000021d4       0xb8 ./Source/queue.o
                0x000021d4                xQueueGenericSendFromISR
 .text.xQueueGiveFromISR
                0x0000228c       0xa2 ./Source/queue.o
                0x0000228c                xQueueGiveFromISR
 .text.xQueueReceive
                0x0000232e      0x156 ./Source/queue.o
                0x0000232e                xQueueReceive
 .text.xQueueSemaphoreTake
                0x00002484      0x144 ./Source/queue.o
                0x00002484                xQueueSemaphoreTake
 .text.xQueuePeek
                0x000025c8      0x164 ./Source/queue.o
                0x000025c8                xQueuePeek
 .text.xQueueReceiveFromISR
                0x0000272c       0xae ./Source/queue.o
                0x0000272c                xQueueReceiveFromISR
 .text.xQueuePeekFromISR
                0x000027da       0x72 ./Source/queue.o
                0x000027da                xQueuePeekFromISR
 .text.uxQueueMessagesWaiting
                0x0000284c       0x30 ./Source/queue.o
                0x0000284c                uxQueueMessagesWaiting
 .text.uxQueueSpacesAvailable
                0x0000287c       0x4a ./Source/queue.o
                0x0000287c                uxQueueSpacesAvailable
 .text.uxQueueMessagesWaitingFromISR
                0x000028c6       0x34 ./Source/queue.o
                0x000028c6                uxQueueMessagesWaitingFromISR
 .text.vQueueDelete
                0x000028fa       0x2e ./Source/queue.o
                0x000028fa                vQueueDelete
 .text.prvCopyDataToQueue
                0x00002928      0x14c ./Source/queue.o
 .text.prvCopyDataFromQueue
                0x00002a74       0x8e ./Source/queue.o
 .text.prvUnlockQueue
                0x00002b02       0xa6 ./Source/queue.o
 .text.prvIsQueueEmpty
                0x00002ba8       0x3a ./Source/queue.o
 .text.xQueueIsQueueEmptyFromISR
                0x00002be2       0x3e ./Source/queue.o
                0x00002be2                xQueueIsQueueEmptyFromISR
 .text.prvIsQueueFull
                0x00002c20       0x40 ./Source/queue.o
 .text.xQueueIsQueueFullFromISR
                0x00002c60       0x44 ./Source/queue.o
                0x00002c60                xQueueIsQueueFullFromISR
 .text.xQueueCRSend
                0x00002ca4       0xc2 ./Source/queue.o
                0x00002ca4                xQueueCRSend
 .text.xQueueCRReceive
                0x00002d66      0x11c ./Source/queue.o
                0x00002d66                xQueueCRReceive
 .text.xQueueCRSendFromISR
                0x00002e82       0x82 ./Source/queue.o
                0x00002e82                xQueueCRSendFromISR
 .text.xQueueCRReceiveFromISR
                0x00002f04       0xea ./Source/queue.o
                0x00002f04                xQueueCRReceiveFromISR
 .text.vQueueWaitForMessageRestricted
                0x00002fee       0x86 ./Source/queue.o
                0x00002fee                vQueueWaitForMessageRestricted
 .text.xTaskCreate
                0x00003074       0xf0 ./Source/tasks.o
                0x00003074                xTaskCreate
 .text.prvInitialiseNewTask
                0x00003164      0x18a ./Source/tasks.o
 .text.prvAddNewTaskToReadyList
                0x000032ee      0x17a ./Source/tasks.o
 .text.vTaskDelete
                0x00003468       0xf6 ./Source/tasks.o
                0x00003468                vTaskDelete
 .text.xTaskDelayUntil
                0x0000355e       0xe6 ./Source/tasks.o
                0x0000355e                xTaskDelayUntil
 .text.vTaskDelay
                0x00003644       0x44 ./Source/tasks.o
                0x00003644                vTaskDelay
 .text.vTaskStartScheduler
                0x00003688       0x76 ./Source/tasks.o
                0x00003688                vTaskStartScheduler
 .text.vTaskEndScheduler
                0x000036fe       0x18 ./Source/tasks.o
                0x000036fe                vTaskEndScheduler
 .text.vTaskSuspendAll
                0x00003716       0x18 ./Source/tasks.o
                0x00003716                vTaskSuspendAll
 .text.xTaskResumeAll
                0x0000372e      0x2a0 ./Source/tasks.o
                0x0000372e                xTaskResumeAll
 .text.xTaskGetTickCount
                0x000039ce       0x2e ./Source/tasks.o
                0x000039ce                xTaskGetTickCount
 .text.xTaskGetTickCountFromISR
                0x000039fc       0x2a ./Source/tasks.o
                0x000039fc                xTaskGetTickCountFromISR
 .text.uxTaskGetNumberOfTasks
                0x00003a26       0x12 ./Source/tasks.o
                0x00003a26                uxTaskGetNumberOfTasks
 .text.pcTaskGetName
                0x00003a38       0x50 ./Source/tasks.o
                0x00003a38                pcTaskGetName
 .text.xTaskCatchUpTicks
                0x00003a88       0x40 ./Source/tasks.o
                0x00003a88                xTaskCatchUpTicks
 .text.xTaskIncrementTick
                0x00003ac8      0x32e ./Source/tasks.o
                0x00003ac8                xTaskIncrementTick
 .text.vTaskSwitchContext
                0x00003df6       0xda ./Source/tasks.o
                0x00003df6                vTaskSwitchContext
 .text.vTaskPlaceOnEventList
                0x00003ed0       0x44 ./Source/tasks.o
                0x00003ed0                vTaskPlaceOnEventList
 .text.vTaskPlaceOnUnorderedEventList
                0x00003f14       0xca ./Source/tasks.o
                0x00003f14                vTaskPlaceOnUnorderedEventList
 .text.vTaskPlaceOnEventListRestricted
                0x00003fde       0xc4 ./Source/tasks.o
                0x00003fde                vTaskPlaceOnEventListRestricted
 .text.xTaskRemoveFromEventList
                0x000040a2      0x288 ./Source/tasks.o
                0x000040a2                xTaskRemoveFromEventList
 .text.vTaskRemoveFromUnorderedEventList
                0x0000432a      0x21c ./Source/tasks.o
                0x0000432a                vTaskRemoveFromUnorderedEventList
 .text.vTaskSetTimeOutState
                0x00004546       0x3c ./Source/tasks.o
                0x00004546                vTaskSetTimeOutState
 .text.vTaskInternalSetTimeOutState
                0x00004582       0x32 ./Source/tasks.o
                0x00004582                vTaskInternalSetTimeOutState
 .text.xTaskCheckForTimeOut
                0x000045b4       0xce ./Source/tasks.o
                0x000045b4                xTaskCheckForTimeOut
 .text.vTaskMissedYield
                0x00004682       0x14 ./Source/tasks.o
                0x00004682                vTaskMissedYield
 .text.prvIdleTask
                0x00004696       0x20 ./Source/tasks.o
 .text.prvInitialiseTaskLists
                0x000046b6       0x7a ./Source/tasks.o
 .text.prvCheckTasksWaitingTermination
                0x00004730       0x5e ./Source/tasks.o
 .text.prvDeleteTCB
                0x0000478e       0x2c ./Source/tasks.o
 .text.prvResetNextTaskUnblockTime
                0x000047ba       0x44 ./Source/tasks.o
 .text.xTaskGetSchedulerState
                0x000047fe       0x32 ./Source/tasks.o
                0x000047fe                xTaskGetSchedulerState
 .text.uxTaskResetEventItemValue
                0x00004830       0x4e ./Source/tasks.o
                0x00004830                uxTaskResetEventItemValue
 .text.ulTaskGenericNotifyTake
                0x0000487e      0x16c ./Source/tasks.o
                0x0000487e                ulTaskGenericNotifyTake
 .text.xTaskGenericNotifyWait
                0x000049ea      0x1ee ./Source/tasks.o
                0x000049ea                xTaskGenericNotifyWait
 .text.xTaskGenericNotify
                0x00004bd8      0x37c ./Source/tasks.o
                0x00004bd8                xTaskGenericNotify
 .text.xTaskGenericNotifyFromISR
                0x00004f54      0x3fe ./Source/tasks.o
                0x00004f54                xTaskGenericNotifyFromISR
 .text.vTaskGenericNotifyGiveFromISR
                0x00005352      0x2a0 ./Source/tasks.o
                0x00005352                vTaskGenericNotifyGiveFromISR
 .text.xTaskGenericNotifyStateClear
                0x000055f2       0x92 ./Source/tasks.o
                0x000055f2                xTaskGenericNotifyStateClear
 .text.ulTaskGenericNotifyValueClear
                0x00005684      0x104 ./Source/tasks.o
                0x00005684                ulTaskGenericNotifyValueClear
 .text.prvAddCurrentTaskToDelayedList
                0x00005788       0xcc ./Source/tasks.o
 .text.xTimerCreateTimerTask
                0x00005854       0x52 ./Source/timers.o
                0x00005854                xTimerCreateTimerTask
 .text.xTimerCreate
                0x000058a6       0x86 ./Source/timers.o
                0x000058a6                xTimerCreate
 .text.prvInitialiseNewTimer
                0x0000592c       0x9e ./Source/timers.o
 .text.xTimerGenericCommand
                0x000059ca       0xca ./Source/timers.o
                0x000059ca                xTimerGenericCommand
 .text.xTimerGetTimerDaemonTaskHandle
                0x00005a94       0x16 ./Source/timers.o
                0x00005a94                xTimerGetTimerDaemonTaskHandle
 .text.xTimerGetPeriod
                0x00005aaa       0x2e ./Source/timers.o
                0x00005aaa                xTimerGetPeriod
 .text.vTimerSetReloadMode
                0x00005ad8       0x5a ./Source/timers.o
                0x00005ad8                vTimerSetReloadMode
 .text.uxTimerGetReloadMode
                0x00005b32       0x50 ./Source/timers.o
                0x00005b32                uxTimerGetReloadMode
 .text.xTimerGetExpiryTime
                0x00005b82       0x3c ./Source/timers.o
                0x00005b82                xTimerGetExpiryTime
 .text.pcTimerGetName
                0x00005bbe       0x2e ./Source/timers.o
                0x00005bbe                pcTimerGetName
 .text.prvReloadTimer
                0x00005bec       0x7e ./Source/timers.o
 .text.prvProcessExpiredTimer
                0x00005c6a       0x8c ./Source/timers.o
 .text.prvTimerTask
                0x00005cf6       0x30 ./Source/timers.o
 .text.prvProcessTimerOrBlockTask
                0x00005d26       0xae ./Source/timers.o
 .text.prvGetNextExpireTime
                0x00005dd4       0x68 ./Source/timers.o
 .text.prvSampleTimeNow
                0x00005e3c       0x5c ./Source/timers.o
 .text.prvInsertTimerInActiveList
                0x00005e98       0xd0 ./Source/timers.o
 .text.prvProcessReceivedCommands
                0x00005f68      0x1f6 ./Source/timers.o
 .text.prvSwitchTimerLists
                0x0000615e       0x74 ./Source/timers.o
 .text.prvCheckForValidListAndQueue
                0x000061d2       0x5e ./Source/timers.o
 .text.xTimerIsTimerActive
                0x00006230       0x50 ./Source/timers.o
                0x00006230                xTimerIsTimerActive
 .text.pvTimerGetTimerID
                0x00006280       0x46 ./Source/timers.o
                0x00006280                pvTimerGetTimerID
 .text.vTimerSetTimerID
                0x000062c6       0x46 ./Source/timers.o
                0x000062c6                vTimerSetTimerID
 .text.main     0x0000630c       0xb8 ./main.o
                0x0000630c                main
 .text.toggle_led_mode
                0x000063c4       0x26 ./main.o
                0x000063c4                toggle_led_mode
 .text.get_readings
                0x000063ea      0x12e ./main.o
                0x000063ea                get_readings
 .text.vState_machine
                0x00006518       0x3e ./main.o
                0x00006518                vState_machine
 .text.vBlink_Right
                0x00006556       0x20 ./main.o
                0x00006556                vBlink_Right
 .text.Blink_LEFT
                0x00006576       0x20 ./main.o
                0x00006576                Blink_LEFT
 .text.PWM_INIT
                0x00006596       0x22 ./main.o
                0x00006596                PWM_INIT
 .text.Start_PWM1
                0x000065b8       0x1e ./main.o
                0x000065b8                Start_PWM1
 .text.Start_PWM2
                0x000065d6       0x1e ./main.o
                0x000065d6                Start_PWM2
 .text.Stop_PWM1
                0x000065f4       0x2a ./main.o
                0x000065f4                Stop_PWM1
 .text.Stop_PWM2
                0x0000661e       0x2a ./main.o
                0x0000661e                Stop_PWM2
 .text.libgcc   0x00006648       0x28 c:/winavr-20100110/bin/../lib/gcc/avr/4.3.3/avr5\libgcc.a(_udivmodhi4.o)
                0x00006648                __udivmodhi4
 .text.libgcc   0x00006670       0x26 c:/winavr-20100110/bin/../lib/gcc/avr/4.3.3/avr5\libgcc.a(_divmodhi4.o)
                0x00006670                __divmodhi4
                0x00006670                _div
 .text.libgcc   0x00006696        0x0 c:/winavr-20100110/bin/../lib/gcc/avr/4.3.3/avr5\libgcc.a(_exit.o)
 .text.libgcc   0x00006696        0x0 c:/winavr-20100110/bin/../lib/gcc/avr/4.3.3/avr5\libgcc.a(_copy_data.o)
 .text.libgcc   0x00006696        0x0 c:/winavr-20100110/bin/../lib/gcc/avr/4.3.3/avr5\libgcc.a(_clear_bss.o)
 .text.avr-libc
                0x00006696       0x12 c:/winavr-20100110/bin/../lib/gcc/avr/4.3.3/../../../../avr/lib/avr5\libc.a(memcpy.o)
                0x00006696                memcpy
 .text.avr-libc
                0x000066a8        0xe c:/winavr-20100110/bin/../lib/gcc/avr/4.3.3/../../../../avr/lib/avr5\libc.a(memset.o)
                0x000066a8                memset
                0x000066b6                . = ALIGN (0x2)
 *(.fini9)
 .fini9         0x000066b6        0x0 c:/winavr-20100110/bin/../lib/gcc/avr/4.3.3/avr5\libgcc.a(_exit.o)
                0x000066b6                exit
                0x000066b6                _exit
 *(.fini9)
 *(.fini8)
 *(.fini8)
 *(.fini7)
 *(.fini7)
 *(.fini6)
 *(.fini6)
 *(.fini5)
 *(.fini5)
 *(.fini4)
 *(.fini4)
 *(.fini3)
 *(.fini3)
 *(.fini2)
 *(.fini2)
 *(.fini1)
 *(.fini1)
 *(.fini0)
 .fini0         0x000066b6        0x4 c:/winavr-20100110/bin/../lib/gcc/avr/4.3.3/avr5\libgcc.a(_exit.o)
 *(.fini0)
                0x000066ba                _etext = .

.data           0x00800060       0x2c load address 0x000066ba
                0x00800060                PROVIDE (__data_start, .)
 *(.data)
 .data          0x00800060        0x0 c:/winavr-20100110/bin/../lib/gcc/avr/4.3.3/../../../../avr/lib/avr5/crtm32.o
 .data          0x00800060        0x0 ./Source/portable/MemMang/heap_1.o
 .data          0x00800060        0x0 ./Source/portable/GCC/ATMega323/port.o
 .data          0x00800060        0x0 ./Source/include/MCAL/DIO.o
 .data          0x00800060        0x0 ./Source/include/MCAL/INT.o
 .data          0x00800060        0x0 ./Source/include/MCAL/TIMER.o
 .data          0x00800060        0x0 ./Source/include/HAL/Btn_Handler.o
 .data          0x00800060        0x0 ./Source/croutine.o
 .data          0x00800060        0x0 ./Source/event_groups.o
 .data          0x00800060        0x0 ./Source/list.o
 .data          0x00800060        0x0 ./Source/queue.o
 .data          0x00800060        0x5 ./Source/tasks.o
 .data          0x00800065        0x8 ./Source/timers.o
 .data          0x0080006d       0x1d ./main.o
 .data          0x0080008a        0x0 c:/winavr-20100110/bin/../lib/gcc/avr/4.3.3/avr5\libgcc.a(_udivmodhi4.o)
 .data          0x0080008a        0x0 c:/winavr-20100110/bin/../lib/gcc/avr/4.3.3/avr5\libgcc.a(_divmodhi4.o)
 .data          0x0080008a        0x0 c:/winavr-20100110/bin/../lib/gcc/avr/4.3.3/avr5\libgcc.a(_exit.o)
 .data          0x0080008a        0x0 c:/winavr-20100110/bin/../lib/gcc/avr/4.3.3/avr5\libgcc.a(_copy_data.o)
 .data          0x0080008a        0x0 c:/winavr-20100110/bin/../lib/gcc/avr/4.3.3/avr5\libgcc.a(_clear_bss.o)
 .data          0x0080008a        0x0 c:/winavr-20100110/bin/../lib/gcc/avr/4.3.3/../../../../avr/lib/avr5\libc.a(memcpy.o)
 .data          0x0080008a        0x0 c:/winavr-20100110/bin/../lib/gcc/avr/4.3.3/../../../../avr/lib/avr5\libc.a(memset.o)
 *(.data*)
 .data.uxTopUsedPriority
                0x0080008a        0x1 ./Source/tasks.o
                0x0080008a                uxTopUsedPriority
 *(.rodata)
 *(.rodata*)
 *(.gnu.linkonce.d*)
                0x0080008c                . = ALIGN (0x2)
 *fill*         0x0080008b        0x1 00
                0x0080008c                _edata = .
                0x0080008c                PROVIDE (__data_end, .)

.bss            0x0080008c      0x6a7
                0x0080008c                PROVIDE (__bss_start, .)
 *(.bss)
 .bss           0x0080008c        0x0 c:/winavr-20100110/bin/../lib/gcc/avr/4.3.3/../../../../avr/lib/avr5/crtm32.o
 .bss           0x0080008c        0x0 ./Source/portable/MemMang/heap_1.o
 .bss           0x0080008c        0x0 ./Source/portable/GCC/ATMega323/port.o
 .bss           0x0080008c        0x0 ./Source/include/MCAL/DIO.o
 .bss           0x0080008c        0x0 ./Source/include/MCAL/INT.o
 .bss           0x0080008c        0x0 ./Source/include/MCAL/TIMER.o
 .bss           0x0080008c        0x0 ./Source/include/HAL/Btn_Handler.o
 .bss           0x0080008c        0x0 ./Source/croutine.o
 .bss           0x0080008c        0x0 ./Source/event_groups.o
 .bss           0x0080008c        0x0 ./Source/list.o
 .bss           0x0080008c        0x0 ./Source/queue.o
 .bss           0x0080008c        0x0 ./Source/tasks.o
 .bss           0x0080008c        0x0 ./Source/timers.o
 .bss           0x0080008c        0x0 ./main.o
 .bss           0x0080008c        0x0 c:/winavr-20100110/bin/../lib/gcc/avr/4.3.3/avr5\libgcc.a(_udivmodhi4.o)
 .bss           0x0080008c        0x0 c:/winavr-20100110/bin/../lib/gcc/avr/4.3.3/avr5\libgcc.a(_divmodhi4.o)
 .bss           0x0080008c        0x0 c:/winavr-20100110/bin/../lib/gcc/avr/4.3.3/avr5\libgcc.a(_exit.o)
 .bss           0x0080008c        0x0 c:/winavr-20100110/bin/../lib/gcc/avr/4.3.3/avr5\libgcc.a(_copy_data.o)
 .bss           0x0080008c        0x0 c:/winavr-20100110/bin/../lib/gcc/avr/4.3.3/avr5\libgcc.a(_clear_bss.o)
 .bss           0x0080008c        0x0 c:/winavr-20100110/bin/../lib/gcc/avr/4.3.3/../../../../avr/lib/avr5\libc.a(memcpy.o)
 .bss           0x0080008c        0x0 c:/winavr-20100110/bin/../lib/gcc/avr/4.3.3/../../../../avr/lib/avr5\libc.a(memset.o)
 *(.bss*)
 .bss.xNextFreeByte
                0x0080008c        0x2 ./Source/portable/MemMang/heap_1.o
 .bss.pucAlignedHeap.1670
                0x0080008e        0x2 ./Source/portable/MemMang/heap_1.o
 .bss.ucHeap    0x00800090      0x5dc ./Source/portable/MemMang/heap_1.o
 .bss.pxDelayedCoRoutineList
                0x0080066c        0x2 ./Source/croutine.o
 .bss.pxOverflowDelayedCoRoutineList
                0x0080066e        0x2 ./Source/croutine.o
 .bss.pxCurrentCoRoutine
                0x00800670        0x2 ./Source/croutine.o
                0x00800670                pxCurrentCoRoutine
 .bss.uxTopCoRoutineReadyPriority
                0x00800672        0x1 ./Source/croutine.o
 .bss.xCoRoutineTickCount
                0x00800673        0x2 ./Source/croutine.o
 .bss.xLastTickCount
                0x00800675        0x2 ./Source/croutine.o
 .bss.xPassedTicks
                0x00800677        0x2 ./Source/croutine.o
 .bss.pxReadyCoRoutineLists
                0x00800679       0x12 ./Source/croutine.o
 .bss.xDelayedCoRoutineList1
                0x0080068b        0x9 ./Source/croutine.o
 .bss.xDelayedCoRoutineList2
                0x00800694        0x9 ./Source/croutine.o
 .bss.xPendingReadyCoRoutineList
                0x0080069d        0x9 ./Source/croutine.o
 .bss.pxCurrentTCB
                0x008006a6        0x2 ./Source/tasks.o
                0x008006a6                pxCurrentTCB
 .bss.uxDeletedTasksWaitingCleanUp
                0x008006a8        0x1 ./Source/tasks.o
 .bss.uxCurrentNumberOfTasks
                0x008006a9        0x1 ./Source/tasks.o
 .bss.xTickCount
                0x008006aa        0x2 ./Source/tasks.o
 .bss.uxTopReadyPriority
                0x008006ac        0x1 ./Source/tasks.o
 .bss.xSchedulerRunning
                0x008006ad        0x1 ./Source/tasks.o
 .bss.xPendedTicks
                0x008006ae        0x2 ./Source/tasks.o
 .bss.xYieldPending
                0x008006b0        0x1 ./Source/tasks.o
 .bss.xNumOfOverflows
                0x008006b1        0x1 ./Source/tasks.o
 .bss.uxTaskNumber
                0x008006b2        0x1 ./Source/tasks.o
 .bss.xNextTaskUnblockTime
                0x008006b3        0x2 ./Source/tasks.o
 .bss.xIdleTaskHandle
                0x008006b5        0x2 ./Source/tasks.o
 .bss.uxSchedulerSuspended
                0x008006b7        0x1 ./Source/tasks.o
 .bss.pxReadyTasksLists
                0x008006b8       0x24 ./Source/tasks.o
 .bss.xDelayedTaskList1
                0x008006dc        0x9 ./Source/tasks.o
 .bss.xDelayedTaskList2
                0x008006e5        0x9 ./Source/tasks.o
 .bss.pxDelayedTaskList
                0x008006ee        0x2 ./Source/tasks.o
 .bss.pxOverflowDelayedTaskList
                0x008006f0        0x2 ./Source/tasks.o
 .bss.xPendingReadyList
                0x008006f2        0x9 ./Source/tasks.o
 .bss.xTasksWaitingTermination
                0x008006fb        0x9 ./Source/tasks.o
 .bss.xTimerQueue
                0x00800704        0x2 ./Source/timers.o
 .bss.xTimerTaskHandle
                0x00800706        0x2 ./Source/timers.o
 .bss.xLastTime.2087
                0x00800708        0x2 ./Source/timers.o
 .bss.xActiveTimerList1
                0x0080070a        0x9 ./Source/timers.o
 .bss.xActiveTimerList2
                0x00800713        0x9 ./Source/timers.o
 .bss.pxCurrentTimerList
                0x0080071c        0x2 ./Source/timers.o
 .bss.pxOverflowTimerList
                0x0080071e        0x2 ./Source/timers.o
 .bss.xButtonTimer
                0x00800720        0x2 ./main.o
                0x00800720                xButtonTimer
 .bss.xLedBlinkingTimer
                0x00800722        0x2 ./main.o
                0x00800722                xLedBlinkingTimer
 .bss.led_mode  0x00800724        0x1 ./main.o
                0x00800724                led_mode
 .bss.hazzred_button_pressed_counter
                0x00800725        0x2 ./main.o
                0x00800725                hazzred_button_pressed_counter
 .bss.ignition_button
                0x00800727        0x1 ./main.o
                0x00800727                ignition_button
 *(COMMON)
 COMMON         0x00800728        0xb ./main.o
                0x00800728                R_button
                0x00800729                task2ptr
                0x0080072b                L_button
                0x0080072c                task1ptr
                0x0080072e                Hazzred_button
                0x0080072f                left_button_pressed_counter
                0x00800731                right_button_pressed_counter
                0x00800733                PROVIDE (__bss_end, .)
                0x000066ba                __data_load_start = LOADADDR (.data)
                0x000066e6                __data_load_end = (__data_load_start + SIZEOF (.data))

.noinit         0x00800733        0x0
                0x00800733                PROVIDE (__noinit_start, .)
 *(.noinit*)
                0x00800733                PROVIDE (__noinit_end, .)
                0x00800733                _end = .
                0x00800733                PROVIDE (__heap_start, .)

.eeprom         0x00810000        0x0
 *(.eeprom*)
                0x00810000                __eeprom_end = .

.fuse
 *(.fuse)
 *(.lfuse)
 *(.hfuse)
 *(.efuse)

.lock
 *(.lock*)

.signature
 *(.signature*)

.stab           0x00000000     0x9750
 *(.stab)
 .stab          0x00000000      0x7d4 ./Source/portable/MemMang/heap_1.o
 .stab          0x000007d4      0x840 ./Source/portable/GCC/ATMega323/port.o
                                0xcfc (size before relaxing)
 .stab          0x00001014      0x3a8 ./Source/include/MCAL/DIO.o
                                0x3b4 (size before relaxing)
 .stab          0x000013bc      0x300 ./Source/include/MCAL/INT.o
                                0x3cc (size before relaxing)
 .stab          0x000016bc      0x33c ./Source/include/MCAL/TIMER.o
                                0x5ac (size before relaxing)
 .stab          0x000019f8      0x330 ./Source/include/HAL/Btn_Handler.o
                                0x3c0 (size before relaxing)
 .stab          0x00001d28      0x96c ./Source/croutine.o
                                0xcd8 (size before relaxing)
 .stab          0x00002694      0xc6c ./Source/event_groups.o
                               0x1134 (size before relaxing)
 .stab          0x00003300      0x474 ./Source/list.o
                                0x870 (size before relaxing)
 .stab          0x00003774     0x2070 ./Source/queue.o
                               0x2574 (size before relaxing)
 .stab          0x000057e4     0x2634 ./Source/tasks.o
                               0x2b2c (size before relaxing)
 .stab          0x00007e18     0x1194 ./Source/timers.o
                               0x16bc (size before relaxing)
 .stab          0x00008fac      0x7a4 ./main.o
                                0xc54 (size before relaxing)

.stabstr        0x00000000     0x5a74
 *(.stabstr)
 .stabstr       0x00000000     0x5a74 ./Source/portable/MemMang/heap_1.o

.stab.excl
 *(.stab.excl)

.stab.exclstr
 *(.stab.exclstr)

.stab.index
 *(.stab.index)

.stab.indexstr
 *(.stab.indexstr)

.comment
 *(.comment)

.debug
 *(.debug)

.line
 *(.line)

.debug_srcinfo
 *(.debug_srcinfo)

.debug_sfnames
 *(.debug_sfnames)

.debug_aranges
 *(.debug_aranges)

.debug_pubnames
 *(.debug_pubnames)

.debug_info
 *(.debug_info)
 *(.gnu.linkonce.wi.*)

.debug_abbrev
 *(.debug_abbrev)

.debug_line
 *(.debug_line)

.debug_frame
 *(.debug_frame)

.debug_str
 *(.debug_str)

.debug_loc
 *(.debug_loc)

.debug_macinfo
 *(.debug_macinfo)
OUTPUT(RTOS_2023.elf elf32-avr)
LOAD linker stubs
